Component: ARM Compiler 6.7 Tool: armlink [5c9ef700]

==============================================================================

Section Cross References

    startup_stm32g431xx.o(RESET) refers to startup_stm32g431xx.o(STACK) for __initial_sp
    startup_stm32g431xx.o(RESET) refers to startup_stm32g431xx.o(.text) for Reset_Handler
    startup_stm32g431xx.o(RESET) refers to stm32g4xx_it.o(.text.NMI_Handler) for NMI_Handler
    startup_stm32g431xx.o(RESET) refers to stm32g4xx_it.o(.text.HardFault_Handler) for HardFault_Handler
    startup_stm32g431xx.o(RESET) refers to stm32g4xx_it.o(.text.MemManage_Handler) for MemManage_Handler
    startup_stm32g431xx.o(RESET) refers to stm32g4xx_it.o(.text.BusFault_Handler) for BusFault_Handler
    startup_stm32g431xx.o(RESET) refers to stm32g4xx_it.o(.text.UsageFault_Handler) for UsageFault_Handler
    startup_stm32g431xx.o(RESET) refers to stm32g4xx_it.o(.text.SVC_Handler) for SVC_Handler
    startup_stm32g431xx.o(RESET) refers to stm32g4xx_it.o(.text.DebugMon_Handler) for DebugMon_Handler
    startup_stm32g431xx.o(RESET) refers to stm32g4xx_it.o(.text.PendSV_Handler) for PendSV_Handler
    startup_stm32g431xx.o(RESET) refers to main.o(.text.SysTick_Handler) for SysTick_Handler
    startup_stm32g431xx.o(RESET) refers to stm32g4xx_it.o(.text.FDCAN1_IT0_IRQHandler) for FDCAN1_IT0_IRQHandler
    startup_stm32g431xx.o(RESET) refers to main.o(.text.SPI1_IRQHandler) for SPI1_IRQHandler
    startup_stm32g431xx.o(.text) refers to system_stm32g4xx.o(.text.SystemInit) for SystemInit
    startup_stm32g431xx.o(.text) refers to entry.o(.ARM.Collect$$$$00000000) for __main
    main.o(.text.SYS_LED_ON) refers to main.o(.text.LL_GPIO_SetOutputPin) for LL_GPIO_SetOutputPin
    main.o(.ARM.exidx.text.SYS_LED_ON) refers to main.o(.text.SYS_LED_ON) for [Anonymous Symbol]
    main.o(.ARM.exidx.text.LL_GPIO_SetOutputPin) refers to main.o(.text.LL_GPIO_SetOutputPin) for [Anonymous Symbol]
    main.o(.text.SYS_LED_OFF) refers to main.o(.text.LL_GPIO_ResetOutputPin) for LL_GPIO_ResetOutputPin
    main.o(.ARM.exidx.text.SYS_LED_OFF) refers to main.o(.text.SYS_LED_OFF) for [Anonymous Symbol]
    main.o(.ARM.exidx.text.LL_GPIO_ResetOutputPin) refers to main.o(.text.LL_GPIO_ResetOutputPin) for [Anonymous Symbol]
    main.o(.text.SYS_LED_TOG) refers to main.o(.text.LL_GPIO_TogglePin) for LL_GPIO_TogglePin
    main.o(.ARM.exidx.text.SYS_LED_TOG) refers to main.o(.text.SYS_LED_TOG) for [Anonymous Symbol]
    main.o(.ARM.exidx.text.LL_GPIO_TogglePin) refers to main.o(.text.LL_GPIO_TogglePin) for [Anonymous Symbol]
    main.o(.text.CAN_LED_ON) refers to main.o(.text.LL_GPIO_SetOutputPin) for LL_GPIO_SetOutputPin
    main.o(.ARM.exidx.text.CAN_LED_ON) refers to main.o(.text.CAN_LED_ON) for [Anonymous Symbol]
    main.o(.text.CAN_LED_OFF) refers to main.o(.text.LL_GPIO_ResetOutputPin) for LL_GPIO_ResetOutputPin
    main.o(.ARM.exidx.text.CAN_LED_OFF) refers to main.o(.text.CAN_LED_OFF) for [Anonymous Symbol]
    main.o(.text.CAN_LED_TOG) refers to main.o(.text.LL_GPIO_TogglePin) for LL_GPIO_TogglePin
    main.o(.ARM.exidx.text.CAN_LED_TOG) refers to main.o(.text.CAN_LED_TOG) for [Anonymous Symbol]
    main.o(.text.ICM_SPI_CS_LOW) refers to main.o(.text.LL_GPIO_ResetOutputPin) for LL_GPIO_ResetOutputPin
    main.o(.ARM.exidx.text.ICM_SPI_CS_LOW) refers to main.o(.text.ICM_SPI_CS_LOW) for [Anonymous Symbol]
    main.o(.text.ICM_SPI_CS_HIGH) refers to main.o(.text.LL_GPIO_SetOutputPin) for LL_GPIO_SetOutputPin
    main.o(.ARM.exidx.text.ICM_SPI_CS_HIGH) refers to main.o(.text.ICM_SPI_CS_HIGH) for [Anonymous Symbol]
    main.o(.text.UART1_SendByte) refers to usart.o(.bss.huart1) for huart1
    main.o(.text.UART1_SendByte) refers to stm32g4xx_hal_uart.o(.text.HAL_UART_Transmit) for HAL_UART_Transmit
    main.o(.ARM.exidx.text.UART1_SendByte) refers to main.o(.text.UART1_SendByte) for [Anonymous Symbol]
    main.o(.text.UART1_SendFloat) refers to main.o(.text.UART1_SendByte) for UART1_SendByte
    main.o(.ARM.exidx.text.UART1_SendFloat) refers to main.o(.text.UART1_SendFloat) for [Anonymous Symbol]
    main.o(.text.UART1_SendData) refers to usart.o(.bss.huart1) for huart1
    main.o(.text.UART1_SendData) refers to stm32g4xx_hal_uart.o(.text.HAL_UART_Transmit) for HAL_UART_Transmit
    main.o(.ARM.exidx.text.UART1_SendData) refers to main.o(.text.UART1_SendData) for [Anonymous Symbol]
    main.o(.text.SPI1_IRQHandler) refers to main.o(.text.LL_SPI_ReceiveData8) for LL_SPI_ReceiveData8
    main.o(.text.SPI1_IRQHandler) refers to main.o(.bss.data_count) for data_count
    main.o(.text.SPI1_IRQHandler) refers to main.o(.bss.data) for data
    main.o(.ARM.exidx.text.SPI1_IRQHandler) refers to main.o(.text.SPI1_IRQHandler) for [Anonymous Symbol]
    main.o(.ARM.exidx.text.LL_SPI_ReceiveData8) refers to main.o(.text.LL_SPI_ReceiveData8) for [Anonymous Symbol]
    main.o(.text.icm42688_write_reg) refers to main.o(.text.ICM_SPI_CS_LOW) for ICM_SPI_CS_LOW
[...]
    [Anonymous Symbol]                       0x0800aad4   Section        0  invn_geometry_fxp.c.obj(.text.invn_math_sin_q30_fxp)
    [Anonymous Symbol]                       0x0800ab2c   Section        0  invn_scalar_algebra_fxp.c.obj(.text.invn_math_sqrt_q15_fxp)
    [Anonymous Symbol]                       0x0800ac30   Section        0  invn_scalar_algebra_fxp.c.obj(.text.invn_math_sqrt_q30_fxp)
    [Anonymous Symbol]                       0x0800ad24   Section        0  math_utils_fxp.c.obj(.text.invn_normalize_quaternion_q30)
    [Anonymous Symbol]                       0x0800addc   Section        0  math_utils_fxp.c.obj(.text.invn_normalize_vector_q30)
    [Anonymous Symbol]                       0x0800ae70   Section        0  orientation_utils_fxp.c.obj(.text.invn_quat_6x_correction_fxp)
    [Anonymous Symbol]                       0x0800aefc   Section        0  orientation_utils_fxp.c.obj(.text.invn_quat_to_gravity_fxp)
    [Anonymous Symbol]                       0x0800af4c   Section        0  main.o(.text.main)
    [Anonymous Symbol]                       0x0800afc4   Section        0  main.o(.text.read_reg_asf)
    read_reg_asf                             0x0800afc5   Thumb Code   166  main.o(.text.read_reg_asf)
    [Anonymous Symbol]                       0x0800b06c   Section        0  math_utils_fxp.c.obj(.text.rls_core_Bierman4_fxp)
    [Anonymous Symbol]                       0x0800b40c   Section        0  math_utils_fxp.c.obj(.text.rls_core_Carlson4_fxp)
    [Anonymous Symbol]                       0x0800b614   Section        0  main.o(.text.sleep_us_asf)
    sleep_us_asf                             0x0800b615   Thumb Code    40  main.o(.text.sleep_us_asf)
    [Anonymous Symbol]                       0x0800b63c   Section        0  main.o(.text.write_reg_asf)
    write_reg_asf                            0x0800b63d   Thumb Code    76  main.o(.text.write_reg_asf)
    i.__0vsprintf                            0x0800b688   Section        0  printfa.o(i.__0vsprintf)
    i.__ARM_fpclassifyf                      0x0800b6ac   Section        0  fpclassifyf.o(i.__ARM_fpclassifyf)
    i.__hardfp_asinf                         0x0800b6d4   Section        0  asinf.o(i.__hardfp_asinf)
    i.__hardfp_atan2f                        0x0800b800   Section        0  atan2f.o(i.__hardfp_atan2f)
    i.__mathlib_flt_infnan                   0x0800ba50   Section        0  funder.o(i.__mathlib_flt_infnan)
    i.__mathlib_flt_infnan2                  0x0800ba56   Section        0  funder.o(i.__mathlib_flt_infnan2)
    i.__mathlib_flt_invalid                  0x0800ba5c   Section        0  funder.o(i.__mathlib_flt_invalid)
    i.__mathlib_flt_underflow                0x0800ba6c   Section        0  funder.o(i.__mathlib_flt_underflow)
    i.__scatterload_copy                     0x0800ba7c   Section       14  handlers.o(i.__scatterload_copy)
    i.__scatterload_null                     0x0800ba8a   Section        2  handlers.o(i.__scatterload_null)
    i.__scatterload_zeroinit                 0x0800ba8c   Section       14  handlers.o(i.__scatterload_zeroinit)
    i.__set_errno                            0x0800ba9c   Section        0  errno.o(i.__set_errno)
    i._fp_digits                             0x0800baa8   Section        0  printfa.o(i._fp_digits)
    _fp_digits                               0x0800baa9   Thumb Code   366  printfa.o(i._fp_digits)
    i._printf_core                           0x0800bc2c   Section        0  printfa.o(i._printf_core)
    _printf_core                             0x0800bc2d   Thumb Code  1744  printfa.o(i._printf_core)
    i._printf_post_padding                   0x0800c308   Section        0  printfa.o(i._printf_post_padding)
    _printf_post_padding                     0x0800c309   Thumb Code    36  printfa.o(i._printf_post_padding)
    i._printf_pre_padding                    0x0800c32c   Section        0  printfa.o(i._printf_pre_padding)
    _printf_pre_padding                      0x0800c32d   Thumb Code    46  printfa.o(i._printf_pre_padding)
    i._sputc                                 0x0800c35a   Section        0  printfa.o(i._sputc)
    _sputc                                   0x0800c35b   Thumb Code    10  printfa.o(i._sputc)
    i.sqrtf                                  0x0800c364   Section        0  sqrtf_full.o(i.sqrtf)
    [Anonymous Symbol]                       0x0800c3a4   Section        0  invn_algo_asf.c.obj(.rodata)
    [Anonymous Symbol]                       0x0800c3b6   Section        0  stm32g4xx_hal_fdcan.o(.rodata.DLCtoBytes)
    DLCtoBytes                               0x0800c3b6   Data          16  stm32g4xx_hal_fdcan.o(.rodata.DLCtoBytes)
    [Anonymous Symbol]                       0x0800c3c8   Section        0  invn_algo_asf.c.obj(.rodata.NFTable)
    [Anonymous Symbol]                       0x0800c7c8   Section        0  stm32g4xx_hal_uart_ex.o(.rodata.UARTEx_SetNbDataToProcess.denominator)
    UARTEx_SetNbDataToProcess.denominator    0x0800c7c8   Data           8  stm32g4xx_hal_uart_ex.o(.rodata.UARTEx_SetNbDataToProcess.denominator)
    [Anonymous Symbol]                       0x0800c7d0   Section        0  stm32g4xx_hal_uart_ex.o(.rodata.UARTEx_SetNbDataToProcess.numerator)
    UARTEx_SetNbDataToProcess.numerator      0x0800c7d0   Data           8  stm32g4xx_hal_uart_ex.o(.rodata.UARTEx_SetNbDataToProcess.numerator)
    [Anonymous Symbol]                       0x0800c7f0   Section        0  invn_algo_asf.c.obj(.rodata.boolTable)
    [Anonymous Symbol]                       0x0800c810   Section        0  invn_algo_asf.c.obj(.rodata.challengetext)
    challengetext                            0x0800c810   Data          55  invn_algo_asf.c.obj(.rodata.challengetext)
    [Anonymous Symbol]                       0x0800c847   Section        0  main.o(.rodata.str1.1)
    .L.str                                   0x0800c847   Data           7  main.o(.rodata.str1.1)
    .data                                    0x20000000   Section        4  errno.o(.data)
    _errno                                   0x20000000   Data           4  errno.o(.data)
    [Anonymous Symbol]                       0x20000008   Section        0  main.o(.data.icm_mounting_matrix)
    icm_mounting_matrix                      0x20000008   Data          36  main.o(.data.icm_mounting_matrix)
    [Anonymous Symbol]                       0x20000060   Section        0  main.o(.bss.abs_yaw)
    abs_yaw                                  0x20000060   Data           4  main.o(.bss.abs_yaw)
    [Anonymous Symbol]                       0x20000064   Section        0  main.o(.bss.acc_bias)
    acc_bias                                 0x20000064   Data          12  main.o(.bss.acc_bias)
    [Anonymous Symbol]                       0x2000007c   Section        0  invn_algo_asf.c.obj(.bss.ciphertext)
    ciphertext                               0x2000007c   Data          56  invn_algo_asf.c.obj(.bss.ciphertext)
    [Anonymous Symbol]                       0x20000158   Section        0  main.o(.bss.gyr_bias)
    gyr_bias                                 0x20000158   Data          12  main.o(.bss.gyr_bias)
    [Anonymous Symbol]                       0x20000260   Section        0  main.o(.bss.input)
    input                                    0x20000260   Data          72  main.o(.bss.input)
    [Anonymous Symbol]                       0x200002a8   Section        0  main.o(.bss.last_yaw)
    last_yaw                                 0x200002a8   Data           4  main.o(.bss.last_yaw)
    [Anonymous Symbol]                       0x200002ac   Section        0  main.o(.bss.output)
    output                                   0x200002ac   Data         204  main.o(.bss.output)
    [Anonymous Symbol]                       0x20000390   Section        0  invn_algo_asf.c.obj(.bss.plaintext)
    plaintext                                0x20000390   Data          56  invn_algo_asf.c.obj(.bss.plaintext)
    [Anonymous Symbol]                       0x20000404   Section        0  main.o(.bss.time_stamp)
    time_stamp                               0x20000404   Data           4  main.o(.bss.time_stamp)
    STACK                                    0x20000418   Section     4096  startup_stm32g431xx.o(STACK)

    Global Symbols

    Symbol Name                              Value     Ov Type        Size  Object(Section)

    BuildAttributes$$THM_ISAv4$E$P$D$K$B$S$7EM$VFPi3$EXTD16$VFPS$VFMA$PE$A:L22UL41UL21$X:L11$S22US41US21$IEEE1$IW$~IW$USESV6$~STKCKD$USESV7$WCHAR32$~SHL$OTIME$ROPI$IEEEX$EBA8$MICROLIB$REQ8$PRES8$EABIv2 0x00000000   Number         0  anon$$obj.o ABSOLUTE
    __cpp_initialize__aeabi_                  - Undefined Weak Reference
    __cxa_finalize                            - Undefined Weak Reference
    __decompress                              - Undefined Weak Reference
    _clock_init                               - Undefined Weak Reference
    _microlib_exit                            - Undefined Weak Reference
    __Vectors_Size                           0x000001d8   Number         0  startup_stm32g431xx.o ABSOLUTE
    __Vectors                                0x08000000   Data           4  startup_stm32g431xx.o(RESET)
    __Vectors_End                            0x080001d8   Data           0  startup_stm32g431xx.o(RESET)
    __main                                   0x080001d9   Thumb Code     0  entry.o(.ARM.Collect$$$$00000000)
    _main_stk                                0x080001d9   Thumb Code     0  entry2.o(.ARM.Collect$$$$00000001)
    _main_scatterload                        0x080001dd   Thumb Code     0  entry5.o(.ARM.Collect$$$$00000004)
    __main_after_scatterload                 0x080001e1   Thumb Code     0  entry5.o(.ARM.Collect$$$$00000004)
    _main_clock                              0x080001e1   Thumb Code     0  entry7b.o(.ARM.Collect$$$$00000008)
    _main_cpp_init                           0x080001e1   Thumb Code     0  entry8b.o(.ARM.Collect$$$$0000000A)
    _main_init                               0x080001e1   Thumb Code     0  entry9a.o(.ARM.Collect$$$$0000000B)
    __rt_final_cpp                           0x080001e9   Thumb Code     0  entry10a.o(.ARM.Collect$$$$0000000D)
    __rt_final_exit                          0x080001e9   Thumb Code     0  entry11a.o(.ARM.Collect$$$$0000000F)
    Reset_Handler                            0x080001ed   Thumb Code     8  startup_stm32g431xx.o(.text)
    ADC1_2_IRQHandler                        0x08000207   Thumb Code     0  startup_stm32g431xx.o(.text)
    COMP1_2_3_IRQHandler                     0x08000207   Thumb Code     0  startup_stm32g431xx.o(.text)
    COMP4_IRQHandler                         0x08000207   Thumb Code     0  startup_stm32g431xx.o(.text)
    CORDIC_IRQHandler                        0x08000207   Thumb Code     0  startup_stm32g431xx.o(.text)
    CRS_IRQHandler                           0x08000207   Thumb Code     0  startup_stm32g431xx.o(.text)
    DMA1_Channel1_IRQHandler                 0x08000207   Thumb Code     0  startup_stm32g431xx.o(.text)
    DMA1_Channel2_IRQHandler                 0x08000207   Thumb Code     0  startup_stm32g431xx.o(.text)
    DMA1_Channel3_IRQHandler                 0x08000207   Thumb Code     0  startup_stm32g431xx.o(.text)
    DMA1_Channel4_IRQHandler                 0x08000207   Thumb Code     0  startup_stm32g431xx.o(.text)
    DMA1_Channel5_IRQHandler                 0x08000207   Thumb Code     0  startup_stm32g431xx.o(.text)
    DMA1_Channel6_IRQHandler                 0x08000207   Thumb Code     0  startup_stm32g431xx.o(.text)
    DMA2_Channel1_IRQHandler                 0x08000207   Thumb Code     0  startup_stm32g431xx.o(.text)
    DMA2_Channel2_IRQHandler                 0x08000207   Thumb Code     0  startup_stm32g431xx.o(.text)
    DMA2_Channel3_IRQHandler                 0x08000207   Thumb Code     0  startup_stm32g431xx.o(.text)
    DMA2_Channel4_IRQHandler                 0x08000207   Thumb Code     0  startup_stm32g431xx.o(.text)
    DMA2_Channel5_IRQHandler                 0x08000207   Thumb Code     0  startup_stm32g431xx.o(.text)
    DMA2_Channel6_IRQHandler                 0x08000207   Thumb Code     0  startup_stm32g431xx.o(.text)
    DMAMUX_OVR_IRQHandler                    0x08000207   Thumb Code     0  startup_stm32g431xx.o(.text)
    EXTI0_IRQHandler                         0x08000207   Thumb Code     0  startup_stm32g431xx.o(.text)
    EXTI15_10_IRQHandler                     0x08000207   Thumb Code     0  startup_stm32g431xx.o(.text)
    EXTI1_IRQHandler                         0x08000207   Thumb Code     0  startup_stm32g431xx.o(.text)
    EXTI2_IRQHandler                         0x08000207   Thumb Code     0  startup_stm32g431xx.o(.text)
    EXTI3_IRQHandler                         0x08000207   Thumb Code     0  startup_stm32g431xx.o(.text)
    EXTI4_IRQHandler                         0x08000207   Thumb Code     0  startup_stm32g431xx.o(.text)
    EXTI9_5_IRQHandler                       0x08000207   Thumb Code     0  startup_stm32g431xx.o(.text)
    FDCAN1_IT1_IRQHandler                    0x08000207   Thumb Code     0  startup_stm32g431xx.o(.text)
    FLASH_IRQHandler                         0x08000207   Thumb Code     0  startup_stm32g431xx.o(.text)
    FMAC_IRQHandler                          0x08000207   Thumb Code     0  startup_stm32g431xx.o(.text)
    FPU_IRQHandler                           0x08000207   Thumb Code     0  startup_stm32g431xx.o(.text)
    I2C1_ER_IRQHandler                       0x08000207   Thumb Code     0  startup_stm32g431xx.o(.text)
    I2C1_EV_IRQHandler                       0x08000207   Thumb Code     0  startup_stm32g431xx.o(.text)
    I2C2_ER_IRQHandler                       0x08000207   Thumb Code     0  startup_stm32g431xx.o(.text)
    I2C2_EV_IRQHandler                       0x08000207   Thumb Code     0  startup_stm32g431xx.o(.text)
    I2C3_ER_IRQHandler                       0x08000207   Thumb Code     0  startup_stm32g431xx.o(.text)
    I2C3_EV_IRQHandler                       0x08000207   Thumb Code     0  startup_stm32g431xx.o(.text)
    LPTIM1_IRQHandler                        0x08000207   Thumb Code     0  startup_stm32g431xx.o(.text)
    LPUART1_IRQHandler                       0x08000207   Thumb Code     0  startup_stm32g431xx.o(.text)
    PVD_PVM_IRQHandler                       0x08000207   Thumb Code     0  startup_stm32g431xx.o(.text)
    RCC_IRQHandler                           0x08000207   Thumb Code     0  startup_stm32g431xx.o(.text)
    RNG_IRQHandler                           0x08000207   Thumb Code     0  startup_stm32g431xx.o(.text)
    RTC_Alarm_IRQHandler                     0x08000207   Thumb Code     0  startup_stm32g431xx.o(.text)
    RTC_TAMP_LSECSS_IRQHandler               0x08000207   Thumb Code     0  startup_stm32g431xx.o(.text)
    RTC_WKUP_IRQHandler                      0x08000207   Thumb Code     0  startup_stm32g431xx.o(.text)
    SAI1_IRQHandler                          0x08000207   Thumb Code     0  startup_stm32g431xx.o(.text)
    SPI2_IRQHandler                          0x08000207   Thumb Code     0  startup_stm32g431xx.o(.text)
    SPI3_IRQHandler                          0x08000207   Thumb Code     0  startup_stm32g431xx.o(.text)
    TIM1_BRK_TIM15_IRQHandler                0x08000207   Thumb Code     0  startup_stm32g431xx.o(.text)
    TIM1_CC_IRQHandler                       0x08000207   Thumb Code     0  startup_stm32g431xx.o(.text)
    TIM1_TRG_COM_TIM17_IRQHandler            0x08000207   Thumb Code     0  startup_stm32g431xx.o(.text)
    TIM1_UP_TIM16_IRQHandler                 0x08000207   Thumb Code     0  startup_stm32g431xx.o(.text)
    TIM2_IRQHandler                          0x08000207   Thumb Code     0  startup_stm32g431xx.o(.text)
    TIM3_IRQHandler                          0x08000207   Thumb Code     0  startup_stm32g431xx.o(.text)
    TIM4_IRQHandler                          0x08000207   Thumb Code     0  startup_stm32g431xx.o(.text)
    TIM6_DAC_IRQHandler                      0x08000207   Thumb Code     0  startup_stm32g431xx.o(.text)
    TIM7_IRQHandler                          0x08000207   Thumb Code     0  startup_stm32g431xx.o(.text)
    TIM8_BRK_IRQHandler                      0x08000207   Thumb Code     0  startup_stm32g431xx.o(.text)
    TIM8_CC_IRQHandler                       0x08000207   Thumb Code     0  startup_stm32g431xx.o(.text)
    TIM8_TRG_COM_IRQHandler                  0x08000207   Thumb Code     0  startup_stm32g431xx.o(.text)
    TIM8_UP_IRQHandler                       0x08000207   Thumb Code     0  startup_stm32g431xx.o(.text)
    UART4_IRQHandler                         0x08000207   Thumb Code     0  startup_stm32g431xx.o(.text)
    UCPD1_IRQHandler                         0x08000207   Thumb Code     0  startup_stm32g431xx.o(.text)
    USART1_IRQHandler                        0x08000207   Thumb Code     0  startup_stm32g431xx.o(.text)
    USART2_IRQHandler                        0x08000207   Thumb Code     0  startup_stm32g431xx.o(.text)
    USART3_IRQHandler                        0x08000207   Thumb Code     0  startup_stm32g431xx.o(.text)
    USBWakeUp_IRQHandler                     0x08000207   Thumb Code     0  startup_stm32g431xx.o(.text)
    USB_HP_IRQHandler                        0x08000207   Thumb Code     0  startup_stm32g431xx.o(.text)
    USB_LP_IRQHandler                        0x08000207   Thumb Code     0  startup_stm32g431xx.o(.text)
    WWDG_IRQHandler                          0x08000207   Thumb Code     0  startup_stm32g431xx.o(.text)
    __aeabi_uldivmod                         0x08000211   Thumb Code    98  uldiv.o(.text)
    abs                                      0x08000273   Thumb Code     8  siabs.o(.text)
    ____aeabi_memcpy$ret$move                0x0800027b   Thumb Code    66  memmove.o(.text)
    ____aeabi_memcpy4$ret$move               0x0800027b   Thumb Code     0  memmove.o(.text)
    ____aeabi_memcpy8$ret$move               0x0800027b   Thumb Code     0  memmove.o(.text)
    ___aeabi_memmove$ret                     0x0800027b   Thumb Code     0  memmove.o(.text)
    ___aeabi_memmove4$ret                    0x0800027b   Thumb Code     0  memmove.o(.text)
    ___aeabi_memmove8$ret                    0x0800027b   Thumb Code     0  memmove.o(.text)
    memcpy                                   0x0800027b   Thumb Code     0  memmove.o(.text)
    memmove                                  0x0800027b   Thumb Code     0  memmove.o(.text)
    __aeabi_memset                           0x080002bd   Thumb Code    14  memseta.o(.text)
    __aeabi_memset4                          0x080002bd   Thumb Code     0  memseta.o(.text)
    __aeabi_memset8                          0x080002bd   Thumb Code     0  memseta.o(.text)
    __aeabi_memclr                           0x080002cb   Thumb Code     4  memseta.o(.text)
    __aeabi_memclr4                          0x080002cb   Thumb Code     0  memseta.o(.text)
    __aeabi_memclr8                          0x080002cb   Thumb Code     0  memseta.o(.text)
    memset                                   0x080002cf   Thumb Code    18  memseta.o(.text)
    memcmp                                   0x080002e1   Thumb Code    26  memcmp.o(.text)
    __aeabi_dadd                             0x080002fb   Thumb Code   322  dadd.o(.text)
    __aeabi_dsub                             0x0800043d   Thumb Code     6  dadd.o(.text)
    __aeabi_drsub                            0x08000443   Thumb Code     6  dadd.o(.text)
    __aeabi_f2d                              0x08000449   Thumb Code    38  f2d.o(.text)
    __aeabi_uidiv                            0x0800046f   Thumb Code     0  uidiv.o(.text)
    __aeabi_uidivmod                         0x0800046f   Thumb Code    44  uidiv.o(.text)
    __aeabi_llsl                             0x0800049b   Thumb Code    30  llshl.o(.text)
    _ll_shift_l                              0x0800049b   Thumb Code     0  llshl.o(.text)
    __aeabi_llsr                             0x080004b9   Thumb Code    32  llushr.o(.text)
    _ll_ushift_r                             0x080004b9   Thumb Code     0  llushr.o(.text)
    __aeabi_lasr                             0x080004d9   Thumb Code    36  llsshr.o(.text)
    _ll_sshift_r                             0x080004d9   Thumb Code     0  llsshr.o(.text)
    __I$use$fp                               0x080004fd   Thumb Code     0  iusefp.o(.text)
    _double_round                            0x080004fd   Thumb Code    30  depilogue.o(.text)
    _double_epilogue                         0x0800051b   Thumb Code   156  depilogue.o(.text)
    __aeabi_dmul                             0x080005b7   Thumb Code   228  dmul.o(.text)
    __aeabi_ddiv                             0x0800069b   Thumb Code   222  ddiv.o(.text)
    __aeabi_d2ulz                            0x08000779   Thumb Code    48  dfixul.o(.text)
    __aeabi_cdrcmple                         0x080007a9   Thumb Code    48  cdrcmple.o(.text)
    __scatterload                            0x080007d9   Thumb Code    28  init.o(.text)
    __scatterload_rt2                        0x080007d9   Thumb Code     0  init.o(.text)
    BusFault_Handler                         0x080007fd   Thumb Code     4  stm32g4xx_it.o(.text.BusFault_Handler)
    CAN_LED_TOG                              0x08000801   Thumb Code    14  main.o(.text.CAN_LED_TOG)
    DebugMon_Handler                         0x08000811   Thumb Code     2  stm32g4xx_it.o(.text.DebugMon_Handler)
    Error_Handler                            0x08000815   Thumb Code    14  main.o(.text.Error_Handler)
    FDCAN1_IT0_IRQHandler                    0x08000825   Thumb Code    16  stm32g4xx_it.o(.text.FDCAN1_IT0_IRQHandler)
    GyroBiasTrackerFxp_Reset                 0x080008d9   Thumb Code   196  gyro_bias_tracker_fxp.c.obj(.text.GyroBiasTrackerFxp_Reset)
    GyroBiasTrackerFxp_SetBias               0x0800099d   Thumb Code   524  gyro_bias_tracker_fxp.c.obj(.text.GyroBiasTrackerFxp_SetBias)
    GyroBiasTrackerFxp_SetCustomParams       0x08000ba9   Thumb Code   372  gyro_bias_tracker_fxp.c.obj(.text.GyroBiasTrackerFxp_SetCustomParams)
    GyroBiasTrackerFxp_UpdateAccData         0x08000d1d   Thumb Code  1080  gyro_bias_tracker_fxp.c.obj(.text.GyroBiasTrackerFxp_UpdateAccData)
    GyroBiasTrackerFxp_UpdateGyrData         0x08001155   Thumb Code   716  gyro_bias_tracker_fxp.c.obj(.text.GyroBiasTrackerFxp_UpdateGyrData)
    GyroBiasTrackerFxp_UpdateMagData         0x08001421   Thumb Code  1128  gyro_bias_tracker_fxp.c.obj(.text.GyroBiasTrackerFxp_UpdateMagData)
    GyroCalFnmFxp_Init                       0x08001c75   Thumb Code    76  gyro_cal_fnm_fxp.c.obj(.text.GyroCalFnmFxp_Init)
    GyroCalFnmFxp_Recalibrate                0x08001cc1   Thumb Code     6  gyro_cal_fnm_fxp.c.obj(.text.GyroCalFnmFxp_Recalibrate)
    GyroCalFnmFxp_SetCustomParam             0x08001cc9   Thumb Code    38  gyro_cal_fnm_fxp.c.obj(.text.GyroCalFnmFxp_SetCustomParam)
    GyroCalFnmFxp_SetSamplingPeriod          0x08001cf1   Thumb Code    48  gyro_cal_fnm_fxp.c.obj(.text.GyroCalFnmFxp_SetSamplingPeriod)
    GyroCalFnmFxp_UpdateData                 0x08001d21   Thumb Code   236  gyro_cal_fnm_fxp.c.obj(.text.GyroCalFnmFxp_UpdateData)
    HAL_FDCAN_ActivateNotification           0x08001e0d   Thumb Code   550  stm32g4xx_hal_fdcan.o(.text.HAL_FDCAN_ActivateNotification)
    HAL_FDCAN_ErrorCallback                  0x08002035   Thumb Code    12  stm32g4xx_hal_fdcan.o(.text.HAL_FDCAN_ErrorCallback)
    HAL_FDCAN_ErrorStatusCallback            0x08002041   Thumb Code    18  stm32g4xx_hal_fdcan.o(.text.HAL_FDCAN_ErrorStatusCallback)
    HAL_FDCAN_GetRxMessage                   0x08002055   Thumb Code   588  stm32g4xx_hal_fdcan.o(.text.HAL_FDCAN_GetRxMessage)
    HAL_FDCAN_HighPriorityMessageCallback    0x080022a1   Thumb Code    12  stm32g4xx_hal_fdcan.o(.text.HAL_FDCAN_HighPriorityMessageCallback)
    HAL_FDCAN_IRQHandler                     0x080022ad   Thumb Code   716  stm32g4xx_hal_fdcan.o(.text.HAL_FDCAN_IRQHandler)
    HAL_FDCAN_Init                           0x08002579   Thumb Code   738  stm32g4xx_hal_fdcan.o(.text.HAL_FDCAN_Init)
    HAL_FDCAN_MspInit                        0x0800285d   Thumb Code   174  fdcan.o(.text.HAL_FDCAN_MspInit)
    HAL_FDCAN_RxFifo0Callback                0x0800290d   Thumb Code    70  main.o(.text.HAL_FDCAN_RxFifo0Callback)
    HAL_FDCAN_RxFifo1Callback                0x08002955   Thumb Code    18  stm32g4xx_hal_fdcan.o(.text.HAL_FDCAN_RxFifo1Callback)
    HAL_FDCAN_Start                          0x08002969   Thumb Code    78  stm32g4xx_hal_fdcan.o(.text.HAL_FDCAN_Start)
    HAL_FDCAN_TimeoutOccurredCallback        0x080029b9   Thumb Code    12  stm32g4xx_hal_fdcan.o(.text.HAL_FDCAN_TimeoutOccurredCallback)
    HAL_FDCAN_TimestampWraparoundCallback    0x080029c5   Thumb Code    12  stm32g4xx_hal_fdcan.o(.text.HAL_FDCAN_TimestampWraparoundCallback)
    HAL_FDCAN_TxBufferAbortCallback          0x080029d1   Thumb Code    18  stm32g4xx_hal_fdcan.o(.text.HAL_FDCAN_TxBufferAbortCallback)
    HAL_FDCAN_TxBufferCompleteCallback       0x080029e5   Thumb Code    18  stm32g4xx_hal_fdcan.o(.text.HAL_FDCAN_TxBufferCompleteCallback)
    HAL_FDCAN_TxEventFifoCallback            0x080029f9   Thumb Code    18  stm32g4xx_hal_fdcan.o(.text.HAL_FDCAN_TxEventFifoCallback)
    HAL_FDCAN_TxFifoEmptyCallback            0x08002a0d   Thumb Code    12  stm32g4xx_hal_fdcan.o(.text.HAL_FDCAN_TxFifoEmptyCallback)
    HAL_GPIO_Init                            0x08002a19   Thumb Code   898  stm32g4xx_hal_gpio.o(.text.HAL_GPIO_Init)
    HAL_GetTick                              0x08002d9d   Thumb Code    12  stm32g4xx_hal.o(.text.HAL_GetTick)
    HAL_Init                                 0x08002da9   Thumb Code    50  stm32g4xx_hal.o(.text.HAL_Init)
    HAL_InitTick                             0x08002ddd   Thumb Code   144  stm32g4xx_hal.o(.text.HAL_InitTick)
    HAL_MspInit                              0x08002e6d   Thumb Code    76  stm32g4xx_hal_msp.o(.text.HAL_MspInit)
    HAL_NVIC_EnableIRQ                       0x08002eb9   Thumb Code    24  stm32g4xx_hal_cortex.o(.text.HAL_NVIC_EnableIRQ)
    HAL_NVIC_SetPriority                     0x08002ed1   Thumb Code    66  stm32g4xx_hal_cortex.o(.text.HAL_NVIC_SetPriority)
    HAL_NVIC_SetPriorityGrouping             0x08002f15   Thumb Code    20  stm32g4xx_hal_cortex.o(.text.HAL_NVIC_SetPriorityGrouping)
    HAL_PWREx_DisableUCPDDeadBattery         0x08002f29   Thumb Code    18  stm32g4xx_hal_pwr_ex.o(.text.HAL_PWREx_DisableUCPDDeadBattery)
    HAL_RCC_GetHCLKFreq                      0x08002f3d   Thumb Code    12  stm32g4xx_hal_rcc.o(.text.HAL_RCC_GetHCLKFreq)
    HAL_RCC_GetPCLK1Freq                     0x08002f49   Thumb Code    42  stm32g4xx_hal_rcc.o(.text.HAL_RCC_GetPCLK1Freq)
    HAL_RCC_GetPCLK2Freq                     0x08002f75   Thumb Code    42  stm32g4xx_hal_rcc.o(.text.HAL_RCC_GetPCLK2Freq)
    HAL_RCC_GetSysClockFreq                  0x08002fa1   Thumb Code   254  stm32g4xx_hal_rcc.o(.text.HAL_RCC_GetSysClockFreq)
    HAL_SYSTICK_Config                       0x080030a1   Thumb Code    20  stm32g4xx_hal_cortex.o(.text.HAL_SYSTICK_Config)
    HAL_UARTEx_DisableFifoMode               0x080030b5   Thumb Code   128  stm32g4xx_hal_uart_ex.o(.text.HAL_UARTEx_DisableFifoMode)
    HAL_UARTEx_SetRxFifoThreshold            0x08003135   Thumb Code   148  stm32g4xx_hal_uart_ex.o(.text.HAL_UARTEx_SetRxFifoThreshold)
    HAL_UARTEx_SetTxFifoThreshold            0x080031c9   Thumb Code   148  stm32g4xx_hal_uart_ex.o(.text.HAL_UARTEx_SetTxFifoThreshold)
    HAL_UART_Init                            0x0800325d   Thumb Code   182  stm32g4xx_hal_uart.o(.text.HAL_UART_Init)
    HAL_UART_MspInit                         0x08003315   Thumb Code   148  usart.o(.text.HAL_UART_MspInit)
    HAL_UART_Transmit                        0x080033a9   Thumb Code   346  stm32g4xx_hal_uart.o(.text.HAL_UART_Transmit)
    HardFault_Handler                        0x08003505   Thumb Code     4  stm32g4xx_it.o(.text.HardFault_Handler)
    ICM_INT                                  0x08003509   Thumb Code   890  main.o(.text.ICM_INT)
    ICM_SPI_CS_HIGH                          0x08003885   Thumb Code    18  main.o(.text.ICM_SPI_CS_HIGH)
    ICM_SPI_CS_LOW                           0x08003899   Thumb Code    18  main.o(.text.ICM_SPI_CS_LOW)
    InterfaceCalibrationGyrFxp_Reset         0x080038ad   Thumb Code    12  interface_calibration_gyr_fxp.c.obj(.text.InterfaceCalibrationGyrFxp_Reset)
    InterfaceOrientation_Reset               0x080038b9   Thumb Code    44  interface_orientation_fxp.c.obj(.text.InterfaceOrientation_Reset)
    InvnAlgoASF_Init_r                       0x080038e5   Thumb Code   324  invn_algo_asf.c.obj(.text.InvnAlgoASF_Init_r)
    InvnAlgoASF_SetConfig_r                  0x08003a29   Thumb Code   464  invn_algo_asf.c.obj(.text.InvnAlgoASF_SetConfig_r)
    LL_GPIO_Init                             0x08003cc9   Thumb Code   240  stm32g4xx_ll_gpio.o(.text.LL_GPIO_Init)
    LL_SPI_Init                              0x08004365   Thumb Code   190  stm32g4xx_ll_spi.o(.text.LL_SPI_Init)
    LL_SetSystemCoreClock                    0x080044c9   Thumb Code    24  stm32g4xx_ll_utils.o(.text.LL_SetSystemCoreClock)
    MX_FDCAN1_Init                           0x080044e1   Thumb Code   146  fdcan.o(.text.MX_FDCAN1_Init)
    MX_GPIO_Init                             0x08004575   Thumb Code   180  gpio.o(.text.MX_GPIO_Init)
    MX_SPI1_Init                             0x08004629   Thumb Code   320  spi.o(.text.MX_SPI1_Init)
    MX_USART1_UART_Init                      0x08004769   Thumb Code   142  usart.o(.text.MX_USART1_UART_Init)
    MemManage_Handler                        0x080047f9   Thumb Code     4  stm32g4xx_it.o(.text.MemManage_Handler)
    NMI_Handler                              0x080047fd   Thumb Code     4  stm32g4xx_it.o(.text.NMI_Handler)
    PendSV_Handler                           0x08004901   Thumb Code     2  stm32g4xx_it.o(.text.PendSV_Handler)
    PredictiveQuaternionFxp_Init             0x08004905   Thumb Code   140  predictive_quaternion_fxp.c.obj(.text.PredictiveQuaternionFxp_Init)
    PredictiveQuaternionFxp_SetParam         0x08004991   Thumb Code    32  predictive_quaternion_fxp.c.obj(.text.PredictiveQuaternionFxp_SetParam)
    PredictiveQuaternionFxp_SetSamplingPeriod 0x080049b1   Thumb Code    50  predictive_quaternion_fxp.c.obj(.text.PredictiveQuaternionFxp_SetSamplingPeriod)
    PredictiveQuaternionFxp_Update           0x080049e5   Thumb Code   342  predictive_quaternion_fxp.c.obj(.text.PredictiveQuaternionFxp_Update)
    RlsCalibrationFxp_Init                   0x08004b3d   Thumb Code   100  rls_calibration_fxp.c.obj(.text.RlsCalibrationFxp_Init)
    RlsCalibrationFxp_SetAccuracy            0x08004ba1   Thumb Code   108  rls_calibration_fxp.c.obj(.text.RlsCalibrationFxp_SetAccuracy)
    RlsCalibrationFxp_SetDefaultParamAcc     0x08004c0d   Thumb Code   160  rls_calibration_fxp.c.obj(.text.RlsCalibrationFxp_SetDefaultParamAcc)
    RlsCalibrationFxp_SetDefaultParamMag     0x08004cad   Thumb Code   160  rls_calibration_fxp.c.obj(.text.RlsCalibrationFxp_SetDefaultParamMag)
    RlsCalibrationFxp_UpdateGyrData          0x08004d4d   Thumb Code   236  rls_calibration_fxp.c.obj(.text.RlsCalibrationFxp_UpdateGyrData)
    RlsCalibrationFxp_UpdateUncalibrated     0x08004e39   Thumb Code  3190  rls_calibration_fxp.c.obj(.text.RlsCalibrationFxp_UpdateUncalibrated)
    RlsCalibrationFxp_UpdateUncalibratedData 0x08005ab1   Thumb Code    68  rls_calibration_fxp.c.obj(.text.RlsCalibrationFxp_UpdateUncalibratedData)
    SPI1_IRQHandler                          0x08005af5   Thumb Code    52  main.o(.text.SPI1_IRQHandler)
    SVC_Handler                              0x08005b29   Thumb Code     2  stm32g4xx_it.o(.text.SVC_Handler)
    SYS_LED_TOG                              0x08005b2d   Thumb Code    14  main.o(.text.SYS_LED_TOG)
    SphericalFxp_Init                        0x08005b3d   Thumb Code   272  spherical_fxp.c.obj(.text.SphericalFxp_Init)
    SphericalFxp_SetCustomParamAcc           0x08005c4d   Thumb Code    92  spherical_fxp.c.obj(.text.SphericalFxp_SetCustomParamAcc)
    SphericalFxp_SetCustomParamGyr           0x08005ca9   Thumb Code   116  spherical_fxp.c.obj(.text.SphericalFxp_SetCustomParamGyr)
    SphericalFxp_SetCustomParamMag           0x08005d1d   Thumb Code   156  spherical_fxp.c.obj(.text.SphericalFxp_SetCustomParamMag)
    SphericalFxp_SetProductId                0x08005db9   Thumb Code     4  spherical_fxp.c.obj(.text.SphericalFxp_SetProductId)
    SphericalFxp_UpdateAccData               0x08005dbd   Thumb Code   408  spherical_fxp.c.obj(.text.SphericalFxp_UpdateAccData)
    SphericalFxp_UpdateGyrData               0x08005f55   Thumb Code   480  spherical_fxp.c.obj(.text.SphericalFxp_UpdateGyrData)
    SphericalFxp_UpdateMagData               0x08006ba5   Thumb Code    42  spherical_fxp.c.obj(.text.SphericalFxp_UpdateMagData)
    SysTick_Handler                          0x08006c2d   Thumb Code  1556  main.o(.text.SysTick_Handler)
    SystemClock_Config                       0x08007241   Thumb Code   196  main.o(.text.SystemClock_Config)
    SystemInit                               0x08007305   Thumb Code    18  system_stm32g4xx.o(.text.SystemInit)
    UART1_Printf                             0x08007319   Thumb Code    64  usart.o(.text.UART1_Printf)
    UART1_SendByte                           0x08007359   Thumb Code    46  main.o(.text.UART1_SendByte)
    UART1_SendString                         0x08007389   Thumb Code    64  usart.o(.text.UART1_SendString)
    UART_AdvFeatureConfig                    0x08007459   Thumb Code   318  stm32g4xx_hal_uart.o(.text.UART_AdvFeatureConfig)
    UART_CheckIdleState                      0x08007599   Thumb Code   334  stm32g4xx_hal_uart.o(.text.UART_CheckIdleState)
    UART_SetConfig                           0x0800778d   Thumb Code  1420  stm32g4xx_hal_uart.o(.text.UART_SetConfig)
    UART_WaitOnFlagUntilTimeout              0x08007d19   Thumb Code   298  stm32g4xx_hal_uart.o(.text.UART_WaitOnFlagUntilTimeout)
    UsageFault_Handler                       0x08007e45   Thumb Code     4  stm32g4xx_it.o(.text.UsageFault_Handler)
    fxpAdaptiveFilter                        0x0800807d   Thumb Code   240  invn_signal_processing_fxp.c.obj(.text.fxpAdaptiveFilter)
    fxpRecursiveVariance                     0x0800816d   Thumb Code   130  invn_signal_processing_fxp.c.obj(.text.fxpRecursiveVariance)
    fxpRecursiveVariance3_q30                0x080081f1   Thumb Code   144  math_utils_fxp.c.obj(.text.fxpRecursiveVariance3_q30)
    fxpScaleAndSaturate                      0x08008281   Thumb Code    84  invn_signal_processing_fxp.c.obj(.text.fxpScaleAndSaturate)
    get_pitch                                0x080082d5   Thumb Code   110  main.o(.text.get_pitch)
    get_roll                                 0x08008345   Thumb Code    90  main.o(.text.get_roll)
    get_yaw                                  0x080083a1   Thumb Code   110  main.o(.text.get_yaw)
    gyro_cal_computeMoment                   0x08008411   Thumb Code   328  gyro_cal_fnm_fxp.c.obj(.text.gyro_cal_computeMoment)
    gyro_cal_fnm                             0x08008559   Thumb Code   488  gyro_cal_fnm_fxp.c.obj(.text.gyro_cal_fnm)
    icm42688_read_reg                        0x08008741   Thumb Code   198  main.o(.text.icm42688_read_reg)
    icm42688_write_reg                       0x08008809   Thumb Code   114  main.o(.text.icm42688_write_reg)
    inv_vector3_err_Q30                      0x08009525   Thumb Code    68  math_utils_fxp.c.obj(.text.inv_vector3_err_Q30)
    inv_vector3_norm_Q30                     0x08009569   Thumb Code    56  math_utils_fxp.c.obj(.text.inv_vector3_norm_Q30)
    inverse_sqrt_q15_with_pow                0x080095a1   Thumb Code   158  math_utils_fxp.c.obj(.text.inverse_sqrt_q15_with_pow)
    invn_algo_asf_generate_config            0x08009641   Thumb Code   144  invn_algo_asf.c.obj(.text.invn_algo_asf_generate_config)
    invn_algo_asf_init                       0x080096d1   Thumb Code    88  invn_algo_asf.c.obj(.text.invn_algo_asf_init)
    invn_algo_asf_process                    0x08009729   Thumb Code  1692  invn_algo_asf.c.obj(.text.invn_algo_asf_process)
    invn_angle_from_acc_correction_fxp       0x08009dc5   Thumb Code   102  orientation_utils_fxp.c.obj(.text.invn_angle_from_acc_correction_fxp)
    invn_angle_from_mag_correction_fxp       0x08009e2d   Thumb Code   184  orientation_utils_fxp.c.obj(.text.invn_angle_from_mag_correction_fxp)
    invn_cross_product_q30                   0x08009ee5   Thumb Code    96  math_utils_fxp.c.obj(.text.invn_cross_product_q30)
    invn_get_highest_bit_position            0x08009f45   Thumb Code    86  invn_binary.c.obj(.text.invn_get_highest_bit_position)
    invn_integrate_gyro_approx4_fxp          0x08009f9d   Thumb Code    88  orientation_utils_fxp.c.obj(.text.invn_integrate_gyro_approx4_fxp)
    invn_integrate_gyro_fast_trigo_fxp       0x08009ff5   Thumb Code   420  orientation_utils_fxp.c.obj(.text.invn_integrate_gyro_fast_trigo_fxp)
    invn_math_cos_q30_fxp                    0x0800a199   Thumb Code   104  invn_geometry_fxp.c.obj(.text.invn_math_cos_q30_fxp)
    invn_math_divide_q30_fxp                 0x0800a201   Thumb Code   420  invn_scalar_algebra_fxp.c.obj(.text.invn_math_divide_q30_fxp)
    invn_math_inv_sqrt_q30_fxp               0x0800a3a5   Thumb Code   224  invn_scalar_algebra_fxp.c.obj(.text.invn_math_inv_sqrt_q30_fxp)
    invn_math_inverse_fxp                    0x0800a485   Thumb Code   560  invn_scalar_algebra_fxp.c.obj(.text.invn_math_inverse_fxp)
    invn_math_inverse_q30_fxp                0x0800a6b5   Thumb Code   300  invn_scalar_algebra_fxp.c.obj(.text.invn_math_inverse_q30_fxp)
    invn_math_mult_q15_fxp                   0x0800a7e1   Thumb Code    12  invn_scalar_algebra_fxp.c.obj(.text.invn_math_mult_q15_fxp)
    invn_math_mult_q29_fxp                   0x0800a7ed   Thumb Code    12  invn_scalar_algebra_fxp.c.obj(.text.invn_math_mult_q29_fxp)
    invn_math_mult_q30_fxp                   0x0800a7f9   Thumb Code    12  invn_scalar_algebra_fxp.c.obj(.text.invn_math_mult_q30_fxp)
    invn_math_quat_invert_fxp                0x0800a805   Thumb Code    24  invn_quaternion_fxp.c.obj(.text.invn_math_quat_invert_fxp)
    invn_math_quat_mult_fxp                  0x0800a81d   Thumb Code   178  invn_quaternion_fxp.c.obj(.text.invn_math_quat_mult_fxp)
    invn_math_quat_rotate_BtoI_fxp           0x0800a8d1   Thumb Code   232  invn_quaternion_fxp.c.obj(.text.invn_math_quat_rotate_BtoI_fxp)
    invn_math_quat_rotate_ItoB_fxp           0x0800a9b9   Thumb Code   282  invn_quaternion_fxp.c.obj(.text.invn_math_quat_rotate_ItoB_fxp)
    invn_math_sin_q30_fxp                    0x0800aad5   Thumb Code    88  invn_geometry_fxp.c.obj(.text.invn_math_sin_q30_fxp)
    invn_math_sqrt_q15_fxp                   0x0800ab2d   Thumb Code   260  invn_scalar_algebra_fxp.c.obj(.text.invn_math_sqrt_q15_fxp)
    invn_math_sqrt_q30_fxp                   0x0800ac31   Thumb Code   244  invn_scalar_algebra_fxp.c.obj(.text.invn_math_sqrt_q30_fxp)
    invn_normalize_quaternion_q30            0x0800ad25   Thumb Code   182  math_utils_fxp.c.obj(.text.invn_normalize_quaternion_q30)
    invn_normalize_vector_q30                0x0800addd   Thumb Code   148  math_utils_fxp.c.obj(.text.invn_normalize_vector_q30)
    invn_quat_6x_correction_fxp              0x0800ae71   Thumb Code   138  orientation_utils_fxp.c.obj(.text.invn_quat_6x_correction_fxp)
    invn_quat_to_gravity_fxp                 0x0800aefd   Thumb Code    78  orientation_utils_fxp.c.obj(.text.invn_quat_to_gravity_fxp)
    main                                     0x0800af4d   Thumb Code   118  main.o(.text.main)
    rls_core_Bierman4_fxp                    0x0800b06d   Thumb Code   926  math_utils_fxp.c.obj(.text.rls_core_Bierman4_fxp)
    rls_core_Carlson4_fxp                    0x0800b40d   Thumb Code   520  math_utils_fxp.c.obj(.text.rls_core_Carlson4_fxp)
    __0vsprintf                              0x0800b689   Thumb Code    30  printfa.o(i.__0vsprintf)
    __1vsprintf                              0x0800b689   Thumb Code     0  printfa.o(i.__0vsprintf)
    __2vsprintf                              0x0800b689   Thumb Code     0  printfa.o(i.__0vsprintf)
    __c89vsprintf                            0x0800b689   Thumb Code     0  printfa.o(i.__0vsprintf)
    vsprintf                                 0x0800b689   Thumb Code     0  printfa.o(i.__0vsprintf)
    __ARM_fpclassifyf                        0x0800b6ad   Thumb Code    38  fpclassifyf.o(i.__ARM_fpclassifyf)
    __hardfp_asinf                           0x0800b6d5   Thumb Code   258  asinf.o(i.__hardfp_asinf)
    __hardfp_atan2f                          0x0800b801   Thumb Code   502  atan2f.o(i.__hardfp_atan2f)
    __mathlib_flt_infnan                     0x0800ba51   Thumb Code     6  funder.o(i.__mathlib_flt_infnan)
    __mathlib_flt_infnan2                    0x0800ba57   Thumb Code     6  funder.o(i.__mathlib_flt_infnan2)
    __mathlib_flt_invalid                    0x0800ba5d   Thumb Code    10  funder.o(i.__mathlib_flt_invalid)
    __mathlib_flt_underflow                  0x0800ba6d   Thumb Code    10  funder.o(i.__mathlib_flt_underflow)
    __scatterload_copy                       0x0800ba7d   Thumb Code    14  handlers.o(i.__scatterload_copy)
    __scatterload_null                       0x0800ba8b   Thumb Code     2  handlers.o(i.__scatterload_null)
    __scatterload_zeroinit                   0x0800ba8d   Thumb Code    14  handlers.o(i.__scatterload_zeroinit)
    __set_errno                              0x0800ba9d   Thumb Code     6  errno.o(i.__set_errno)
    sqrtf                                    0x0800c365   Thumb Code    62  sqrtf_full.o(i.sqrtf)
    APBPrescTable                            0x0800c3ae   Data           8  system_stm32g4xx.o(.rodata.APBPrescTable)
    NFTable                                  0x0800c3c8   Data        1024  invn_algo_asf.c.obj(.rodata.NFTable)
    UARTPrescTable                           0x0800c7d8   Data          24  stm32g4xx_hal_uart.o(.rodata.UARTPrescTable)
    boolTable                                0x0800c7f0   Data          32  invn_algo_asf.c.obj(.rodata.boolTable)
    Region$$Table$$Base                      0x0800c850   Number         0  anon$$obj.o(Region$$Table)
    Region$$Table$$Limit                     0x0800c870   Number         0  anon$$obj.o(Region$$Table)
    SystemCoreClock                          0x20000004   Data           4  system_stm32g4xx.o(.data.SystemCoreClock)
    time_end                                 0x2000002c   Data           4  main.o(.data.time_end)
    uwTickFreq                               0x20000030   Data           4  stm32g4xx_hal.o(.data.uwTickFreq)
    uwTickPrio                               0x20000034   Data           4  stm32g4xx_hal.o(.data.uwTickPrio)
    RxHeader1                                0x20000038   Data          40  main.o(.bss.RxHeader1)
    bias                                     0x20000070   Data           4  main.o(.bss.bias)
    can_rxbuf2                               0x20000074   Data           8  main.o(.bss.can_rxbuf2)
    config                                   0x200000b4   Data          96  main.o(.bss.config)
    data                                     0x20000114   Data          64  main.o(.bss.data)
    data_count                               0x20000154   Data           1  main.o(.bss.data_count)
    flag                                     0x20000156   Data           2  main.o(.bss.flag)
    hfdcan1                                  0x20000164   Data         100  fdcan.o(.bss.hfdcan1)
    huart1                                   0x200001c8   Data         148  usart.o(.bss.huart1)
    icm_state                                0x2000025c   Data           1  main.o(.bss.icm_state)
    p                                        0x20000378   Data           4  main.o(.bss.p)
    packet_union                             0x2000037c   Data          20  main.o(.bss.packet_union)
    q                                        0x200003c8   Data          16  main.o(.bss.q)
    r                                        0x200003d8   Data           4  main.o(.bss.r)
    rpy                                      0x200003dc   Data          12  main.o(.bss.rpy)
    serif                                    0x200003e8   Data          12  main.o(.bss.serif)
    temp                                     0x200003f4   Data           4  main.o(.bss.temp)
    test_counts                              0x200003f8   Data           4  main.o(.bss.test_counts)
    time_compute                             0x200003fc   Data           4  main.o(.bss.time_compute)
    time_count                               0x20000400   Data           4  main.o(.bss.time_count)
    uwTick                                   0x20000408   Data           4  stm32g4xx_hal.o(.bss.uwTick)
    y                                        0x2000040c   Data           4  main.o(.bss.y)
    y_Init                                   0x20000410   Data           4  main.o(.bss.y_Init)
    y_final                                  0x20000414   Data           4  main.o(.bss.y_final)
    __initial_sp                             0x20001418   Data           0  startup_stm32g431xx.o(STACK)
    invn_fusion_ag_state                     0x20001418   Data        2864  anon$$obj.o(invn_fusion_ag_state)



==============================================================================

Memory Map of the image

  Image Entry point : 0x080001d9

  Load Region LR_IROM1 (Base: 0x08000000, Size: 0x0000c8a8, Max: 0x00020000, ABSOLUTE)

    Execution Region ER_IROM1 (Exec base: 0x08000000, Load base: 0x08000000, Size: 0x0000c870, Max: 0x00020000, ABSOLUTE)

    Exec Addr    Load Addr    Size         Type   Attr      Idx    E Section Name        Object

    0x08000000   0x08000000   0x000001d8   Data   RO            3    RESET               startup_stm32g431xx.o
    0x080001d8   0x080001d8   0x00000000   Code   RO         1781  * .ARM.Collect$$$$00000000  mc_w.l(entry.o)
    0x080001d8   0x080001d8   0x00000004   Code   RO         1872    .ARM.Collect$$$$00000001  mc_w.l(entry2.o)
    0x080001dc   0x080001dc   0x00000004   Code   RO         1875    .ARM.Collect$$$$00000004  mc_w.l(entry5.o)
    0x080001e0   0x080001e0   0x00000000   Code   RO         1877    .ARM.Collect$$$$00000008  mc_w.l(entry7b.o)
    0x080001e0   0x080001e0   0x00000000   Code   RO         1879    .ARM.Collect$$$$0000000A  mc_w.l(entry8b.o)
    0x080001e0   0x080001e0   0x00000008   Code   RO         1880    .ARM.Collect$$$$0000000B  mc_w.l(entry9a.o)
    0x080001e8   0x080001e8   0x00000000   Code   RO         1882    .ARM.Collect$$$$0000000D  mc_w.l(entry10a.o)
    0x080001e8   0x080001e8   0x00000000   Code   RO         1884    .ARM.Collect$$$$0000000F  mc_w.l(entry11a.o)
    0x080001e8   0x080001e8   0x00000004   Code   RO         1873    .ARM.Collect$$$$00002712  mc_w.l(entry2.o)
    0x080001ec   0x080001ec   0x00000024   Code   RO            4    .text               startup_stm32g431xx.o
    0x08000210   0x08000210   0x00000062   Code   RO         1784    .text               mc_w.l(uldiv.o)
    0x08000272   0x08000272   0x00000008   Code   RO         1788    .text               mc_w.l(siabs.o)
    0x0800027a   0x0800027a   0x00000042   Code   RO         1794    .text               mc_w.l(memmove.o)
    0x080002bc   0x080002bc   0x00000024   Code   RO         1798    .text               mc_w.l(memseta.o)
    0x080002e0   0x080002e0   0x0000001a   Code   RO         1800    .text               mc_w.l(memcmp.o)
    0x080002fa   0x080002fa   0x0000014e   Code   RO         1834    .text               mf_w.l(dadd.o)
    0x08000448   0x08000448   0x00000026   Code   RO         1842    .text               mf_w.l(f2d.o)
    0x0800046e   0x0800046e   0x0000002c   Code   RO         1887    .text               mc_w.l(uidiv.o)
    0x0800049a   0x0800049a   0x0000001e   Code   RO         1889    .text               mc_w.l(llshl.o)
    0x080004b8   0x080004b8   0x00000020   Code   RO         1891    .text               mc_w.l(llushr.o)
    0x080004d8   0x080004d8   0x00000024   Code   RO         1893    .text               mc_w.l(llsshr.o)
    0x080004fc   0x080004fc   0x00000000   Code   RO         1902    .text               mc_w.l(iusefp.o)
    0x080004fc   0x080004fc   0x000000ba   Code   RO         1903    .text               mf_w.l(depilogue.o)
    0x080005b6   0x080005b6   0x000000e4   Code   RO         1905    .text               mf_w.l(dmul.o)
    0x0800069a   0x0800069a   0x000000de   Code   RO         1907    .text               mf_w.l(ddiv.o)
    0x08000778   0x08000778   0x00000030   Code   RO         1909    .text               mf_w.l(dfixul.o)
    0x080007a8   0x080007a8   0x00000030   Code   RO         1911    .text               mf_w.l(cdrcmple.o)
    0x080007d8   0x080007d8   0x00000024   Code   RO         1913    .text               mc_w.l(init.o)
    0x080007fc   0x080007fc   0x00000004   Code   RO          266    .text.BusFault_Handler  stm32g4xx_it.o
    0x08000800   0x08000800   0x0000000e   Code   RO           27    .text.CAN_LED_TOG   main.o
    0x0800080e   0x0800080e   0x00000002   PAD
    0x08000810   0x08000810   0x00000002   Code   RO          272    .text.DebugMon_Handler  stm32g4xx_it.o
    0x08000812   0x08000812   0x00000002   PAD
    0x08000814   0x08000814   0x0000000e   Code   RO           61    .text.Error_Handler  main.o
    0x08000822   0x08000822   0x00000002   PAD
    0x08000824   0x08000824   0x00000010   Code   RO          276    .text.FDCAN1_IT0_IRQHandler  stm32g4xx_it.o
    0x08000834   0x08000834   0x000000a2   Code   RO          456    .text.FDCAN_CalcultateRamBlockAddresses  stm32g4xx_hal_fdcan.o
    0x080008d6   0x080008d6   0x00000002   PAD
    0x080008d8   0x080008d8   0x000000c4   Code   RO         1618    .text.GyroBiasTrackerFxp_Reset  libInvnAlgoASFIcm4268xV.a(gyro_bias_tracker_fxp.c.obj)
    0x0800099c   0x0800099c   0x0000020c   Code   RO         1619    .text.GyroBiasTrackerFxp_SetBias  libInvnAlgoASFIcm4268xV.a(gyro_bias_tracker_fxp.c.obj)
    0x08000ba8   0x08000ba8   0x00000174   Code   RO         1621    .text.GyroBiasTrackerFxp_SetCustomParams  libInvnAlgoASFIcm4268xV.a(gyro_bias_tracker_fxp.c.obj)
    0x08000d1c   0x08000d1c   0x00000438   Code   RO         1622    .text.GyroBiasTrackerFxp_UpdateAccData  libInvnAlgoASFIcm4268xV.a(gyro_bias_tracker_fxp.c.obj)
    0x08001154   0x08001154   0x000002cc   Code   RO         1624    .text.GyroBiasTrackerFxp_UpdateGyrData  libInvnAlgoASFIcm4268xV.a(gyro_bias_tracker_fxp.c.obj)
    0x08001420   0x08001420   0x00000468   Code   RO         1623    .text.GyroBiasTrackerFxp_UpdateMagData  libInvnAlgoASFIcm4268xV.a(gyro_bias_tracker_fxp.c.obj)
    0x08001888   0x08001888   0x00000110   Code   RO         1615    .text.GyroBiasTrackerFxp_UpdateRLSQ15.constprop.1  libInvnAlgoASFIcm4268xV.a(gyro_bias_tracker_fxp.c.obj)
    0x08001998   0x08001998   0x000002dc   Code   RO         1614    .text.GyroBiasTrackerFxp_ValidateBias.part.0  libInvnAlgoASFIcm4268xV.a(gyro_bias_tracker_fxp.c.obj)
    0x08001c74   0x08001c74   0x0000004c   Code   RO         1591    .text.GyroCalFnmFxp_Init  libInvnAlgoASFIcm4268xV.a(gyro_cal_fnm_fxp.c.obj)
    0x08001cc0   0x08001cc0   0x00000008   Code   RO         1578    .text.GyroCalFnmFxp_Recalibrate  libInvnAlgoASFIcm4268xV.a(gyro_cal_fnm_fxp.c.obj)
    0x08001cc8   0x08001cc8   0x00000028   Code   RO         1579    .text.GyroCalFnmFxp_SetCustomParam  libInvnAlgoASFIcm4268xV.a(gyro_cal_fnm_fxp.c.obj)
    0x08001cf0   0x08001cf0   0x00000030   Code   RO         1581    .text.GyroCalFnmFxp_SetSamplingPeriod  libInvnAlgoASFIcm4268xV.a(gyro_cal_fnm_fxp.c.obj)
    0x08001d20   0x08001d20   0x000000ec   Code   RO         1592    .text.GyroCalFnmFxp_UpdateData  libInvnAlgoASFIcm4268xV.a(gyro_cal_fnm_fxp.c.obj)
    0x08001e0c   0x08001e0c   0x00000226   Code   RO          544    .text.HAL_FDCAN_ActivateNotification  stm32g4xx_hal_fdcan.o
    0x08002032   0x08002032   0x00000002   PAD
    0x08002034   0x08002034   0x0000000c   Code   RO          570    .text.HAL_FDCAN_ErrorCallback  stm32g4xx_hal_fdcan.o
    0x08002040   0x08002040   0x00000012   Code   RO          568    .text.HAL_FDCAN_ErrorStatusCallback  stm32g4xx_hal_fdcan.o
    0x08002052   0x08002052   0x00000002   PAD
    0x08002054   0x08002054   0x0000024c   Code   RO          522    .text.HAL_FDCAN_GetRxMessage  stm32g4xx_hal_fdcan.o
    0x080022a0   0x080022a0   0x0000000c   Code   RO          550    .text.HAL_FDCAN_HighPriorityMessageCallback  stm32g4xx_hal_fdcan.o
    0x080022ac   0x080022ac   0x000002cc   Code   RO          548    .text.HAL_FDCAN_IRQHandler  stm32g4xx_hal_fdcan.o
    0x08002578   0x08002578   0x000002e2   Code   RO          452    .text.HAL_FDCAN_Init  stm32g4xx_hal_fdcan.o
    0x0800285a   0x0800285a   0x00000002   PAD
    0x0800285c   0x0800285c   0x000000ae   Code   RO          183    .text.HAL_FDCAN_MspInit  fdcan.o
    0x0800290a   0x0800290a   0x00000002   PAD
    0x0800290c   0x0800290c   0x00000046   Code   RO           59    .text.HAL_FDCAN_RxFifo0Callback  main.o
    0x08002952   0x08002952   0x00000002   PAD
    0x08002954   0x08002954   0x00000012   Code   RO          558    .text.HAL_FDCAN_RxFifo1Callback  stm32g4xx_hal_fdcan.o
    0x08002966   0x08002966   0x00000002   PAD
    0x08002968   0x08002968   0x0000004e   Code   RO          512    .text.HAL_FDCAN_Start  stm32g4xx_hal_fdcan.o
    0x080029b6   0x080029b6   0x00000002   PAD
    0x080029b8   0x080029b8   0x0000000c   Code   RO          566    .text.HAL_FDCAN_TimeoutOccurredCallback  stm32g4xx_hal_fdcan.o
    0x080029c4   0x080029c4   0x0000000c   Code   RO          564    .text.HAL_FDCAN_TimestampWraparoundCallback  stm32g4xx_hal_fdcan.o
    0x080029d0   0x080029d0   0x00000012   Code   RO          552    .text.HAL_FDCAN_TxBufferAbortCallback  stm32g4xx_hal_fdcan.o
    0x080029e2   0x080029e2   0x00000002   PAD
    0x080029e4   0x080029e4   0x00000012   Code   RO          562    .text.HAL_FDCAN_TxBufferCompleteCallback  stm32g4xx_hal_fdcan.o
    0x080029f6   0x080029f6   0x00000002   PAD
    0x080029f8   0x080029f8   0x00000012   Code   RO          554    .text.HAL_FDCAN_TxEventFifoCallback  stm32g4xx_hal_fdcan.o
    0x08002a0a   0x08002a0a   0x00000002   PAD
    0x08002a0c   0x08002a0c   0x0000000c   Code   RO          560    .text.HAL_FDCAN_TxFifoEmptyCallback  stm32g4xx_hal_fdcan.o
    0x08002a18   0x08002a18   0x00000382   Code   RO          880    .text.HAL_GPIO_Init  stm32g4xx_hal_gpio.o
    0x08002d9a   0x08002d9a   0x00000002   PAD
    0x08002d9c   0x08002d9c   0x0000000c   Code   RO          600    .text.HAL_GetTick   stm32g4xx_hal.o
    0x08002da8   0x08002da8   0x00000032   Code   RO          588    .text.HAL_Init      stm32g4xx_hal.o
    0x08002dda   0x08002dda   0x00000002   PAD
    0x08002ddc   0x08002ddc   0x00000090   Code   RO          590    .text.HAL_InitTick  stm32g4xx_hal.o
    0x08002e6c   0x08002e6c   0x0000004c   Code   RO          288    .text.HAL_MspInit   stm32g4xx_hal_msp.o
    0x08002eb8   0x08002eb8   0x00000018   Code   RO         1138    .text.HAL_NVIC_EnableIRQ  stm32g4xx_hal_cortex.o
    0x08002ed0   0x08002ed0   0x00000042   Code   RO         1130    .text.HAL_NVIC_SetPriority  stm32g4xx_hal_cortex.o
    0x08002f12   0x08002f12   0x00000002   PAD
    0x08002f14   0x08002f14   0x00000014   Code   RO         1126    .text.HAL_NVIC_SetPriorityGrouping  stm32g4xx_hal_cortex.o
    0x08002f28   0x08002f28   0x00000012   Code   RO         1113    .text.HAL_PWREx_DisableUCPDDeadBattery  stm32g4xx_hal_pwr_ex.o
    0x08002f3a   0x08002f3a   0x00000002   PAD
    0x08002f3c   0x08002f3c   0x0000000c   Code   RO          690    .text.HAL_RCC_GetHCLKFreq  stm32g4xx_hal_rcc.o
    0x08002f48   0x08002f48   0x0000002a   Code   RO          692    .text.HAL_RCC_GetPCLK1Freq  stm32g4xx_hal_rcc.o
    0x08002f72   0x08002f72   0x00000002   PAD
    0x08002f74   0x08002f74   0x0000002a   Code   RO          694    .text.HAL_RCC_GetPCLK2Freq  stm32g4xx_hal_rcc.o
    0x08002f9e   0x08002f9e   0x00000002   PAD
    0x08002fa0   0x08002fa0   0x000000fe   Code   RO          686    .text.HAL_RCC_GetSysClockFreq  stm32g4xx_hal_rcc.o
    0x0800309e   0x0800309e   0x00000002   PAD
    0x080030a0   0x080030a0   0x00000014   Code   RO         1150    .text.HAL_SYSTICK_Config  stm32g4xx_hal_cortex.o
    0x080030b4   0x080030b4   0x00000080   Code   RO         1476    .text.HAL_UARTEx_DisableFifoMode  stm32g4xx_hal_uart_ex.o
    0x08003134   0x08003134   0x00000094   Code   RO         1480    .text.HAL_UARTEx_SetRxFifoThreshold  stm32g4xx_hal_uart_ex.o
    0x080031c8   0x080031c8   0x00000094   Code   RO         1478    .text.HAL_UARTEx_SetTxFifoThreshold  stm32g4xx_hal_uart_ex.o
    0x0800325c   0x0800325c   0x000000b6   Code   RO         1302    .text.HAL_UART_Init  stm32g4xx_hal_uart.o
    0x08003312   0x08003312   0x00000002   PAD
    0x08003314   0x08003314   0x00000094   Code   RO          236    .text.HAL_UART_MspInit  usart.o
    0x080033a8   0x080033a8   0x0000015a   Code   RO         1322    .text.HAL_UART_Transmit  stm32g4xx_hal_uart.o
    0x08003502   0x08003502   0x00000002   PAD
    0x08003504   0x08003504   0x00000004   Code   RO          262    .text.HardFault_Handler  stm32g4xx_it.o
    0x08003508   0x08003508   0x0000037a   Code   RO           49    .text.ICM_INT       main.o
    0x08003882   0x08003882   0x00000002   PAD
    0x08003884   0x08003884   0x00000012   Code   RO           31    .text.ICM_SPI_CS_HIGH  main.o
    0x08003896   0x08003896   0x00000002   PAD
    0x08003898   0x08003898   0x00000012   Code   RO           29    .text.ICM_SPI_CS_LOW  main.o
    0x080038aa   0x080038aa   0x00000002   PAD
    0x080038ac   0x080038ac   0x0000000c   Code   RO         1739    .text.InterfaceCalibrationGyrFxp_Reset  libInvnAlgoASFIcm4268xV.a(interface_calibration_gyr_fxp.c.obj)
    0x080038b8   0x080038b8   0x0000002c   Code   RO         1746    .text.InterfaceOrientation_Reset  libInvnAlgoASFIcm4268xV.a(interface_orientation_fxp.c.obj)
    0x080038e4   0x080038e4   0x00000144   Code   RO         1536    .text.InvnAlgoASF_Init_r  libInvnAlgoASFIcm4268xV.a(invn_algo_asf.c.obj)
    0x08003a28   0x08003a28   0x000001d0   Code   RO         1535    .text.InvnAlgoASF_SetConfig_r  libInvnAlgoASFIcm4268xV.a(invn_algo_asf.c.obj)
    0x08003bf8   0x08003bf8   0x00000028   Code   RO           51    .text.LL_AHB1_GRP1_EnableClock  main.o
    0x08003c20   0x08003c20   0x00000028   Code   RO          166    .text.LL_AHB2_GRP1_EnableClock  gpio.o
    0x08003c48   0x08003c48   0x00000028   Code   RO          205    .text.LL_AHB2_GRP1_EnableClock  spi.o
    0x08003c70   0x08003c70   0x00000028   Code   RO          203    .text.LL_APB2_GRP1_EnableClock  spi.o
    0x08003c98   0x08003c98   0x00000010   Code   RO           81    .text.LL_FLASH_GetLatency  main.o
    0x08003ca8   0x08003ca8   0x00000020   Code   RO           79    .text.LL_FLASH_SetLatency  main.o
    0x08003cc8   0x08003cc8   0x000000f0   Code   RO          425    .text.LL_GPIO_Init  stm32g4xx_ll_gpio.o
    0x08003db8   0x08003db8   0x00000018   Code   RO           17    .text.LL_GPIO_ResetOutputPin  main.o
    0x08003dd0   0x08003dd0   0x00000018   Code   RO          168    .text.LL_GPIO_ResetOutputPin  gpio.o
    0x08003de8   0x08003de8   0x00000098   Code   RO          433    .text.LL_GPIO_SetAFPin_0_7  stm32g4xx_ll_gpio.o
    0x08003e80   0x08003e80   0x0000009c   Code   RO          435    .text.LL_GPIO_SetAFPin_8_15  stm32g4xx_ll_gpio.o
    0x08003f1c   0x08003f1c   0x00000018   Code   RO           13    .text.LL_GPIO_SetOutputPin  main.o
    0x08003f34   0x08003f34   0x00000098   Code   RO          437    .text.LL_GPIO_SetPinMode  stm32g4xx_ll_gpio.o
    0x08003fcc   0x08003fcc   0x00000030   Code   RO          429    .text.LL_GPIO_SetPinOutputType  stm32g4xx_ll_gpio.o
    0x08003ffc   0x08003ffc   0x00000098   Code   RO          431    .text.LL_GPIO_SetPinPull  stm32g4xx_ll_gpio.o
    0x08004094   0x08004094   0x00000098   Code   RO          427    .text.LL_GPIO_SetPinSpeed  stm32g4xx_ll_gpio.o
    0x0800412c   0x0800412c   0x0000002c   Code   RO           21    .text.LL_GPIO_TogglePin  main.o
    0x08004158   0x08004158   0x00000012   Code   RO           83    .text.LL_PWR_EnableRange1BoostMode  main.o
    0x0800416a   0x0800416a   0x00000002   PAD
    0x0800416c   0x0800416c   0x00000010   Code   RO          103    .text.LL_RCC_GetSysClkSource  main.o
    0x0800417c   0x0800417c   0x00000012   Code   RO           87    .text.LL_RCC_HSE_Enable  main.o
    0x0800418e   0x0800418e   0x00000002   PAD
    0x08004190   0x08004190   0x00000012   Code   RO           85    .text.LL_RCC_HSE_EnableBypass  main.o
    0x080041a2   0x080041a2   0x00000002   PAD
    0x080041a4   0x080041a4   0x00000010   Code   RO           89    .text.LL_RCC_HSE_IsReady  main.o
    0x080041b4   0x080041b4   0x0000004c   Code   RO           91    .text.LL_RCC_PLL_ConfigDomain_SYS  main.o
    0x08004200   0x08004200   0x00000012   Code   RO           95    .text.LL_RCC_PLL_Enable  main.o
    0x08004212   0x08004212   0x00000002   PAD
    0x08004214   0x08004214   0x00000012   Code   RO           93    .text.LL_RCC_PLL_EnableDomain_SYS  main.o
    0x08004226   0x08004226   0x00000002   PAD
    0x08004228   0x08004228   0x00000010   Code   RO           97    .text.LL_RCC_PLL_IsReady  main.o
    0x08004238   0x08004238   0x00000020   Code   RO          101    .text.LL_RCC_SetAHBPrescaler  main.o
    0x08004258   0x08004258   0x00000020   Code   RO          105    .text.LL_RCC_SetAPB1Prescaler  main.o
    0x08004278   0x08004278   0x00000020   Code   RO          107    .text.LL_RCC_SetAPB2Prescaler  main.o
    0x08004298   0x08004298   0x00000020   Code   RO          109    .text.LL_RCC_SetFDCANClockSource  main.o
    0x080042b8   0x080042b8   0x00000020   Code   RO          185    .text.LL_RCC_SetFDCANClockSource  fdcan.o
    0x080042d8   0x080042d8   0x00000020   Code   RO           99    .text.LL_RCC_SetSysClkSource  main.o
    0x080042f8   0x080042f8   0x00000022   Code   RO          238    .text.LL_RCC_SetUSARTClockSource  usart.o
    0x0800431a   0x0800431a   0x00000002   PAD
    0x0800431c   0x0800431c   0x00000016   Code   RO          221    .text.LL_SPI_Enable  spi.o
    0x08004332   0x08004332   0x00000002   PAD
    0x08004334   0x08004334   0x00000016   Code   RO          219    .text.LL_SPI_EnableIT_RXNE  spi.o
    0x0800434a   0x0800434a   0x00000002   PAD
    0x0800434c   0x0800434c   0x00000016   Code   RO          217    .text.LL_SPI_EnableNSSPulseMgt  spi.o
    0x08004362   0x08004362   0x00000002   PAD
    0x08004364   0x08004364   0x000000be   Code   RO         1211    .text.LL_SPI_Init   stm32g4xx_ll_spi.o
    0x08004422   0x08004422   0x00000002   PAD
    0x08004424   0x08004424   0x00000014   Code   RO         1213    .text.LL_SPI_IsEnabled  stm32g4xx_ll_spi.o
    0x08004438   0x08004438   0x00000010   Code   RO           41    .text.LL_SPI_ReceiveData8  main.o
    0x08004448   0x08004448   0x0000001a   Code   RO         1217    .text.LL_SPI_SetCRCPolynomial  stm32g4xx_ll_spi.o
    0x08004462   0x08004462   0x00000002   PAD
    0x08004464   0x08004464   0x00000022   Code   RO         1215    .text.LL_SPI_SetRxFIFOThreshold  stm32g4xx_ll_spi.o
    0x08004486   0x08004486   0x00000002   PAD
    0x08004488   0x08004488   0x00000022   Code   RO          215    .text.LL_SPI_SetStandard  spi.o
    0x080044aa   0x080044aa   0x00000002   PAD
    0x080044ac   0x080044ac   0x0000001c   Code   RO           45    .text.LL_SPI_TransmitData8  main.o
    0x080044c8   0x080044c8   0x00000018   Code   RO          307    .text.LL_SetSystemCoreClock  stm32g4xx_ll_utils.o
    0x080044e0   0x080044e0   0x00000092   Code   RO          181    .text.MX_FDCAN1_Init  fdcan.o
    0x08004572   0x08004572   0x00000002   PAD
    0x08004574   0x08004574   0x000000b4   Code   RO          164    .text.MX_GPIO_Init  gpio.o
    0x08004628   0x08004628   0x00000140   Code   RO          201    .text.MX_SPI1_Init  spi.o
    0x08004768   0x08004768   0x0000008e   Code   RO          234    .text.MX_USART1_UART_Init  usart.o
    0x080047f6   0x080047f6   0x00000002   PAD
    0x080047f8   0x080047f8   0x00000004   Code   RO          264    .text.MemManage_Handler  stm32g4xx_it.o
    0x080047fc   0x080047fc   0x00000004   Code   RO          260    .text.NMI_Handler   stm32g4xx_it.o
    0x08004800   0x08004800   0x00000080   Code   RO          209    .text.NVIC_EncodePriority  spi.o
    0x08004880   0x08004880   0x00000080   Code   RO         1136    .text.NVIC_EncodePriority  stm32g4xx_hal_cortex.o
    0x08004900   0x08004900   0x00000002   Code   RO          274    .text.PendSV_Handler  stm32g4xx_it.o
    0x08004902   0x08004902   0x00000002   PAD
    0x08004904   0x08004904   0x0000008c   Code   RO         1653    .text.PredictiveQuaternionFxp_Init  libInvnAlgoASFIcm4268xV.a(predictive_quaternion_fxp.c.obj)
    0x08004990   0x08004990   0x00000020   Code   RO         1656    .text.PredictiveQuaternionFxp_SetParam  libInvnAlgoASFIcm4268xV.a(predictive_quaternion_fxp.c.obj)
    0x080049b0   0x080049b0   0x00000034   Code   RO         1655    .text.PredictiveQuaternionFxp_SetSamplingPeriod  libInvnAlgoASFIcm4268xV.a(predictive_quaternion_fxp.c.obj)
    0x080049e4   0x080049e4   0x00000158   Code   RO         1657    .text.PredictiveQuaternionFxp_Update  libInvnAlgoASFIcm4268xV.a(predictive_quaternion_fxp.c.obj)
    0x08004b3c   0x08004b3c   0x00000064   Code   RO         1606    .text.RlsCalibrationFxp_Init  libInvnAlgoASFIcm4268xV.a(rls_calibration_fxp.c.obj)
    0x08004ba0   0x08004ba0   0x0000006c   Code   RO         1598    .text.RlsCalibrationFxp_SetAccuracy  libInvnAlgoASFIcm4268xV.a(rls_calibration_fxp.c.obj)
    0x08004c0c   0x08004c0c   0x000000a0   Code   RO         1602    .text.RlsCalibrationFxp_SetDefaultParamAcc  libInvnAlgoASFIcm4268xV.a(rls_calibration_fxp.c.obj)
    0x08004cac   0x08004cac   0x000000a0   Code   RO         1601    .text.RlsCalibrationFxp_SetDefaultParamMag  libInvnAlgoASFIcm4268xV.a(rls_calibration_fxp.c.obj)
    0x08004d4c   0x08004d4c   0x000000ec   Code   RO         1608    .text.RlsCalibrationFxp_UpdateGyrData  libInvnAlgoASFIcm4268xV.a(rls_calibration_fxp.c.obj)
    0x08004e38   0x08004e38   0x00000c78   Code   RO         1603    .text.RlsCalibrationFxp_UpdateUncalibrated  libInvnAlgoASFIcm4268xV.a(rls_calibration_fxp.c.obj)
    0x08005ab0   0x08005ab0   0x00000044   Code   RO         1607    .text.RlsCalibrationFxp_UpdateUncalibratedData  libInvnAlgoASFIcm4268xV.a(rls_calibration_fxp.c.obj)
    0x08005af4   0x08005af4   0x00000034   Code   RO           39    .text.SPI1_IRQHandler  main.o
    0x08005b28   0x08005b28   0x00000002   Code   RO          270    .text.SVC_Handler   stm32g4xx_it.o
    0x08005b2a   0x08005b2a   0x00000002   PAD
    0x08005b2c   0x08005b2c   0x0000000e   Code   RO           19    .text.SYS_LED_TOG   main.o
    0x08005b3a   0x08005b3a   0x00000002   PAD
    0x08005b3c   0x08005b3c   0x00000110   Code   RO         1644    .text.SphericalFxp_Init  libInvnAlgoASFIcm4268xV.a(spherical_fxp.c.obj)
    0x08005c4c   0x08005c4c   0x0000005c   Code   RO         1638    .text.SphericalFxp_SetCustomParamAcc  libInvnAlgoASFIcm4268xV.a(spherical_fxp.c.obj)
    0x08005ca8   0x08005ca8   0x00000074   Code   RO         1640    .text.SphericalFxp_SetCustomParamGyr  libInvnAlgoASFIcm4268xV.a(spherical_fxp.c.obj)
    0x08005d1c   0x08005d1c   0x0000009c   Code   RO         1639    .text.SphericalFxp_SetCustomParamMag  libInvnAlgoASFIcm4268xV.a(spherical_fxp.c.obj)
    0x08005db8   0x08005db8   0x00000004   Code   RO         1633    .text.SphericalFxp_SetProductId  libInvnAlgoASFIcm4268xV.a(spherical_fxp.c.obj)
    0x08005dbc   0x08005dbc   0x00000198   Code   RO         1646    .text.SphericalFxp_UpdateAccData  libInvnAlgoASFIcm4268xV.a(spherical_fxp.c.obj)
    0x08005f54   0x08005f54   0x000001e0   Code   RO         1645    .text.SphericalFxp_UpdateGyrData  libInvnAlgoASFIcm4268xV.a(spherical_fxp.c.obj)
    0x08006134   0x08006134   0x00000a70   Code   RO         1628    .text.SphericalFxp_UpdateMag.part.0  libInvnAlgoASFIcm4268xV.a(spherical_fxp.c.obj)
    0x08006ba4   0x08006ba4   0x0000002c   Code   RO         1647    .text.SphericalFxp_UpdateMagData  libInvnAlgoASFIcm4268xV.a(spherical_fxp.c.obj)
    0x08006bd0   0x08006bd0   0x0000005a   Code   RO         1152    .text.SysTick_Config  stm32g4xx_hal_cortex.o
    0x08006c2a   0x08006c2a   0x00000002   PAD
    0x08006c2c   0x08006c2c   0x00000614   Code   RO           71    .text.SysTick_Handler  main.o
    0x08007240   0x08007240   0x000000c4   Code   RO           77    .text.SystemClock_Config  main.o
    0x08007304   0x08007304   0x00000012   Code   RO         1503    .text.SystemInit    system_stm32g4xx.o
    0x08007316   0x08007316   0x00000002   PAD
    0x08007318   0x08007318   0x00000040   Code   RO          246    .text.UART1_Printf  usart.o
    0x08007358   0x08007358   0x0000002e   Code   RO           33    .text.UART1_SendByte  main.o
    0x08007386   0x08007386   0x00000002   PAD
    0x08007388   0x08007388   0x00000040   Code   RO          244    .text.UART1_SendString  usart.o
    0x080073c8   0x080073c8   0x00000090   Code   RO         1474    .text.UARTEx_SetNbDataToProcess  stm32g4xx_hal_uart_ex.o
    0x08007458   0x08007458   0x0000013e   Code   RO         1306    .text.UART_AdvFeatureConfig  stm32g4xx_hal_uart.o
    0x08007596   0x08007596   0x00000002   PAD
    0x08007598   0x08007598   0x0000014e   Code   RO         1310    .text.UART_CheckIdleState  stm32g4xx_hal_uart.o
    0x080076e6   0x080076e6   0x00000002   PAD
    0x080076e8   0x080076e8   0x000000a2   Code   RO         1362    .text.UART_EndRxTransfer  stm32g4xx_hal_uart.o
    0x0800778a   0x0800778a   0x00000002   PAD
    0x0800778c   0x0800778c   0x0000058c   Code   RO         1308    .text.UART_SetConfig  stm32g4xx_hal_uart.o
    0x08007d18   0x08007d18   0x0000012a   Code   RO         1324    .text.UART_WaitOnFlagUntilTimeout  stm32g4xx_hal_uart.o
    0x08007e42   0x08007e42   0x00000002   PAD
    0x08007e44   0x08007e44   0x00000004   Code   RO          268    .text.UsageFault_Handler  stm32g4xx_it.o
    0x08007e48   0x08007e48   0x00000036   Code   RO          213    .text.__NVIC_EnableIRQ  spi.o
    0x08007e7e   0x08007e7e   0x00000002   PAD
    0x08007e80   0x08007e80   0x00000036   Code   RO         1140    .text.__NVIC_EnableIRQ  stm32g4xx_hal_cortex.o
    0x08007eb6   0x08007eb6   0x00000002   PAD
    0x08007eb8   0x08007eb8   0x00000010   Code   RO          211    .text.__NVIC_GetPriorityGrouping  spi.o
    0x08007ec8   0x08007ec8   0x00000010   Code   RO         1132    .text.__NVIC_GetPriorityGrouping  stm32g4xx_hal_cortex.o
    0x08007ed8   0x08007ed8   0x0000004a   Code   RO          207    .text.__NVIC_SetPriority  spi.o
    0x08007f22   0x08007f22   0x00000002   PAD
    0x08007f24   0x08007f24   0x0000004a   Code   RO         1134    .text.__NVIC_SetPriority  stm32g4xx_hal_cortex.o
    0x08007f6e   0x08007f6e   0x00000002   PAD
    0x08007f70   0x08007f70   0x00000040   Code   RO         1128    .text.__NVIC_SetPriorityGrouping  stm32g4xx_hal_cortex.o
    0x08007fb0   0x08007fb0   0x000000cc   Code   RO           73    .text.apply_mounting_matrix  main.o
    0x0800807c   0x0800807c   0x000000f0   Code   RO         1731    .text.fxpAdaptiveFilter  libInvnAlgoASFIcm4268xV.a(invn_signal_processing_fxp.c.obj)
    0x0800816c   0x0800816c   0x00000084   Code   RO         1733    .text.fxpRecursiveVariance  libInvnAlgoASFIcm4268xV.a(invn_signal_processing_fxp.c.obj)
    0x080081f0   0x080081f0   0x00000090   Code   RO         1707    .text.fxpRecursiveVariance3_q30  libInvnAlgoASFIcm4268xV.a(math_utils_fxp.c.obj)
    0x08008280   0x08008280   0x00000054   Code   RO         1732    .text.fxpScaleAndSaturate  libInvnAlgoASFIcm4268xV.a(invn_signal_processing_fxp.c.obj)
    0x080082d4   0x080082d4   0x0000006e   Code   RO           65    .text.get_pitch     main.o
    0x08008342   0x08008342   0x00000002   PAD
    0x08008344   0x08008344   0x0000005a   Code   RO           67    .text.get_roll      main.o
    0x0800839e   0x0800839e   0x00000002   PAD
    0x080083a0   0x080083a0   0x0000006e   Code   RO           63    .text.get_yaw       main.o
    0x0800840e   0x0800840e   0x00000002   PAD
    0x08008410   0x08008410   0x00000148   Code   RO         1588    .text.gyro_cal_computeMoment  libInvnAlgoASFIcm4268xV.a(gyro_cal_fnm_fxp.c.obj)
    0x08008558   0x08008558   0x000001e8   Code   RO         1589    .text.gyro_cal_fnm  libInvnAlgoASFIcm4268xV.a(gyro_cal_fnm_fxp.c.obj)
    0x08008740   0x08008740   0x000000c6   Code   RO           47    .text.icm42688_read_reg  main.o
    0x08008806   0x08008806   0x00000002   PAD
    0x08008808   0x08008808   0x00000072   Code   RO           43    .text.icm42688_write_reg  main.o
    0x0800887a   0x0800887a   0x00000002   PAD
    0x0800887c   0x0800887c   0x00000ca8   Code   RO         1523    .text.inv_icm426xx_inline_authenticate_device  libInvnAlgoASFIcm4268xV.a(invn_algo_asf.c.obj)
    0x08009524   0x08009524   0x00000044   Code   RO         1712    .text.inv_vector3_err_Q30  libInvnAlgoASFIcm4268xV.a(math_utils_fxp.c.obj)
    0x08009568   0x08009568   0x00000038   Code   RO         1711    .text.inv_vector3_norm_Q30  libInvnAlgoASFIcm4268xV.a(math_utils_fxp.c.obj)
    0x080095a0   0x080095a0   0x000000a0   Code   RO         1701    .text.inverse_sqrt_q15_with_pow  libInvnAlgoASFIcm4268xV.a(math_utils_fxp.c.obj)
    0x08009640   0x08009640   0x00000090   Code   RO         1534    .text.invn_algo_asf_generate_config  libInvnAlgoASFIcm4268xV.a(invn_algo_asf.c.obj)
    0x080096d0   0x080096d0   0x00000058   Code   RO         1537    .text.invn_algo_asf_init  libInvnAlgoASFIcm4268xV.a(invn_algo_asf.c.obj)
    0x08009728   0x08009728   0x0000069c   Code   RO         1531    .text.invn_algo_asf_process  libInvnAlgoASFIcm4268xV.a(invn_algo_asf.c.obj)
    0x08009dc4   0x08009dc4   0x00000068   Code   RO         1570    .text.invn_angle_from_acc_correction_fxp  libInvnAlgoASFIcm4268xV.a(orientation_utils_fxp.c.obj)
    0x08009e2c   0x08009e2c   0x000000b8   Code   RO         1569    .text.invn_angle_from_mag_correction_fxp  libInvnAlgoASFIcm4268xV.a(orientation_utils_fxp.c.obj)
    0x08009ee4   0x08009ee4   0x00000060   Code   RO         1697    .text.invn_cross_product_q30  libInvnAlgoASFIcm4268xV.a(math_utils_fxp.c.obj)
    0x08009f44   0x08009f44   0x00000058   Code   RO         1756    .text.invn_get_highest_bit_position  libInvnAlgoASFIcm4268xV.a(invn_binary.c.obj)
    0x08009f9c   0x08009f9c   0x00000058   Code   RO         1564    .text.invn_integrate_gyro_approx4_fxp  libInvnAlgoASFIcm4268xV.a(orientation_utils_fxp.c.obj)
    0x08009ff4   0x08009ff4   0x000001a4   Code   RO         1565    .text.invn_integrate_gyro_fast_trigo_fxp  libInvnAlgoASFIcm4268xV.a(orientation_utils_fxp.c.obj)
    0x0800a198   0x0800a198   0x00000068   Code   RO         1667    .text.invn_math_cos_q30_fxp  libInvnAlgoASFIcm4268xV.a(invn_geometry_fxp.c.obj)
    0x0800a200   0x0800a200   0x000001a4   Code   RO         1691    .text.invn_math_divide_q30_fxp  libInvnAlgoASFIcm4268xV.a(invn_scalar_algebra_fxp.c.obj)
    0x0800a3a4   0x0800a3a4   0x000000e0   Code   RO         1688    .text.invn_math_inv_sqrt_q30_fxp  libInvnAlgoASFIcm4268xV.a(invn_scalar_algebra_fxp.c.obj)
    0x0800a484   0x0800a484   0x00000230   Code   RO         1680    .text.invn_math_inverse_fxp  libInvnAlgoASFIcm4268xV.a(invn_scalar_algebra_fxp.c.obj)
    0x0800a6b4   0x0800a6b4   0x0000012c   Code   RO         1690    .text.invn_math_inverse_q30_fxp  libInvnAlgoASFIcm4268xV.a(invn_scalar_algebra_fxp.c.obj)
    0x0800a7e0   0x0800a7e0   0x0000000c   Code   RO         1672    .text.invn_math_mult_q15_fxp  libInvnAlgoASFIcm4268xV.a(invn_scalar_algebra_fxp.c.obj)
    0x0800a7ec   0x0800a7ec   0x0000000c   Code   RO         1673    .text.invn_math_mult_q29_fxp  libInvnAlgoASFIcm4268xV.a(invn_scalar_algebra_fxp.c.obj)
    0x0800a7f8   0x0800a7f8   0x0000000c   Code   RO         1674    .text.invn_math_mult_q30_fxp  libInvnAlgoASFIcm4268xV.a(invn_scalar_algebra_fxp.c.obj)
    0x0800a804   0x0800a804   0x00000018   Code   RO         1551    .text.invn_math_quat_invert_fxp  libInvnAlgoASFIcm4268xV.a(invn_quaternion_fxp.c.obj)
    0x0800a81c   0x0800a81c   0x000000b4   Code   RO         1549    .text.invn_math_quat_mult_fxp  libInvnAlgoASFIcm4268xV.a(invn_quaternion_fxp.c.obj)
    0x0800a8d0   0x0800a8d0   0x000000e8   Code   RO         1553    .text.invn_math_quat_rotate_BtoI_fxp  libInvnAlgoASFIcm4268xV.a(invn_quaternion_fxp.c.obj)
    0x0800a9b8   0x0800a9b8   0x0000011c   Code   RO         1554    .text.invn_math_quat_rotate_ItoB_fxp  libInvnAlgoASFIcm4268xV.a(invn_quaternion_fxp.c.obj)
    0x0800aad4   0x0800aad4   0x00000058   Code   RO         1666    .text.invn_math_sin_q30_fxp  libInvnAlgoASFIcm4268xV.a(invn_geometry_fxp.c.obj)
    0x0800ab2c   0x0800ab2c   0x00000104   Code   RO         1684    .text.invn_math_sqrt_q15_fxp  libInvnAlgoASFIcm4268xV.a(invn_scalar_algebra_fxp.c.obj)
    0x0800ac30   0x0800ac30   0x000000f4   Code   RO         1689    .text.invn_math_sqrt_q30_fxp  libInvnAlgoASFIcm4268xV.a(invn_scalar_algebra_fxp.c.obj)
    0x0800ad24   0x0800ad24   0x000000b8   Code   RO         1699    .text.invn_normalize_quaternion_q30  libInvnAlgoASFIcm4268xV.a(math_utils_fxp.c.obj)
    0x0800addc   0x0800addc   0x00000094   Code   RO         1698    .text.invn_normalize_vector_q30  libInvnAlgoASFIcm4268xV.a(math_utils_fxp.c.obj)
    0x0800ae70   0x0800ae70   0x0000008c   Code   RO         1572    .text.invn_quat_6x_correction_fxp  libInvnAlgoASFIcm4268xV.a(orientation_utils_fxp.c.obj)
    0x0800aefc   0x0800aefc   0x00000050   Code   RO         1573    .text.invn_quat_to_gravity_fxp  libInvnAlgoASFIcm4268xV.a(orientation_utils_fxp.c.obj)
    0x0800af4c   0x0800af4c   0x00000076   Code   RO           75    .text.main          main.o
    0x0800afc2   0x0800afc2   0x00000002   PAD
    0x0800afc4   0x0800afc4   0x000000a6   Code   RO           53    .text.read_reg_asf  main.o
    0x0800b06a   0x0800b06a   0x00000002   PAD
    0x0800b06c   0x0800b06c   0x000003a0   Code   RO         1706    .text.rls_core_Bierman4_fxp  libInvnAlgoASFIcm4268xV.a(math_utils_fxp.c.obj)
    0x0800b40c   0x0800b40c   0x00000208   Code   RO         1708    .text.rls_core_Carlson4_fxp  libInvnAlgoASFIcm4268xV.a(math_utils_fxp.c.obj)
    0x0800b614   0x0800b614   0x00000028   Code   RO           57    .text.sleep_us_asf  main.o
    0x0800b63c   0x0800b63c   0x0000004c   Code   RO           55    .text.write_reg_asf  main.o
    0x0800b688   0x0800b688   0x00000024   Code   RO         1813    i.__0vsprintf       mc_w.l(printfa.o)
    0x0800b6ac   0x0800b6ac   0x00000026   Code   RO         1844    i.__ARM_fpclassifyf  m_wm.l(fpclassifyf.o)
    0x0800b6d2   0x0800b6d2   0x00000002   PAD
    0x0800b6d4   0x0800b6d4   0x0000012c   Code   RO         1757    i.__hardfp_asinf    m_wm.l(asinf.o)
    0x0800b800   0x0800b800   0x00000250   Code   RO         1769    i.__hardfp_atan2f   m_wm.l(atan2f.o)
    0x0800ba50   0x0800ba50   0x00000006   Code   RO         1847    i.__mathlib_flt_infnan  m_wm.l(funder.o)
    0x0800ba56   0x0800ba56   0x00000006   Code   RO         1848    i.__mathlib_flt_infnan2  m_wm.l(funder.o)
    0x0800ba5c   0x0800ba5c   0x00000010   Code   RO         1849    i.__mathlib_flt_invalid  m_wm.l(funder.o)
    0x0800ba6c   0x0800ba6c   0x00000010   Code   RO         1852    i.__mathlib_flt_underflow  m_wm.l(funder.o)
    0x0800ba7c   0x0800ba7c   0x0000000e   Code   RO         1922    i.__scatterload_copy  mc_w.l(handlers.o)
    0x0800ba8a   0x0800ba8a   0x00000002   Code   RO         1923    i.__scatterload_null  mc_w.l(handlers.o)
    0x0800ba8c   0x0800ba8c   0x0000000e   Code   RO         1924    i.__scatterload_zeroinit  mc_w.l(handlers.o)
    0x0800ba9a   0x0800ba9a   0x00000002   PAD
    0x0800ba9c   0x0800ba9c   0x0000000c   Code   RO         1897    i.__set_errno       mc_w.l(errno.o)
    0x0800baa8   0x0800baa8   0x00000184   Code   RO         1814    i._fp_digits        mc_w.l(printfa.o)
    0x0800bc2c   0x0800bc2c   0x000006dc   Code   RO         1815    i._printf_core      mc_w.l(printfa.o)
    0x0800c308   0x0800c308   0x00000024   Code   RO         1816    i._printf_post_padding  mc_w.l(printfa.o)
    0x0800c32c   0x0800c32c   0x0000002e   Code   RO         1817    i._printf_pre_padding  mc_w.l(printfa.o)
    0x0800c35a   0x0800c35a   0x0000000a   Code   RO         1819    i._sputc            mc_w.l(printfa.o)
    0x0800c364   0x0800c364   0x0000003e   Code   RO         1862    i.sqrtf             m_wm.l(sqrtf_full.o)
    0x0800c3a2   0x0800c3a2   0x00000002   PAD
    0x0800c3a4   0x0800c3a4   0x0000000a   Data   RO         1539    .rodata             libInvnAlgoASFIcm4268xV.a(invn_algo_asf.c.obj)
    0x0800c3ae   0x0800c3ae   0x00000008   Data   RO         1509    .rodata.APBPrescTable  system_stm32g4xx.o
    0x0800c3b6   0x0800c3b6   0x00000010   Data   RO          576    .rodata.DLCtoBytes  stm32g4xx_hal_fdcan.o
    0x0800c3c6   0x0800c3c6   0x00000002   PAD
    0x0800c3c8   0x0800c3c8   0x00000400   Data   RO         1542    .rodata.NFTable     libInvnAlgoASFIcm4268xV.a(invn_algo_asf.c.obj)
    0x0800c7c8   0x0800c7c8   0x00000008   Data   RO         1491    .rodata.UARTEx_SetNbDataToProcess.denominator  stm32g4xx_hal_uart_ex.o
    0x0800c7d0   0x0800c7d0   0x00000008   Data   RO         1490    .rodata.UARTEx_SetNbDataToProcess.numerator  stm32g4xx_hal_uart_ex.o
    0x0800c7d8   0x0800c7d8   0x00000018   Data   RO         1442    .rodata.UARTPrescTable  stm32g4xx_hal_uart.o
    0x0800c7f0   0x0800c7f0   0x00000020   Data   RO         1543    .rodata.boolTable   libInvnAlgoASFIcm4268xV.a(invn_algo_asf.c.obj)
    0x0800c810   0x0800c810   0x00000037   Data   RO         1544    .rodata.challengetext  libInvnAlgoASFIcm4268xV.a(invn_algo_asf.c.obj)
    0x0800c847   0x0800c847   0x00000007   Data   RO          149    .rodata.str1.1      main.o
    0x0800c84e   0x0800c84e   0x00000002   PAD
    0x0800c850   0x0800c850   0x00000020   Data   RO         1920    Region$$Table       anon$$obj.o


    Execution Region RW_IRAM1 (Exec base: 0x20000000, Load base: 0x0800c870, Size: 0x00001f48, Max: 0x00008000, ABSOLUTE)

    Exec Addr    Load Addr    Size         Type   Attr      Idx    E Section Name        Object

    0x20000000   0x0800c870   0x00000004   Data   RW         1898    .data               mc_w.l(errno.o)
    0x20000004   0x0800c874   0x00000004   Data   RW         1507    .data.SystemCoreClock  system_stm32g4xx.o
    0x20000008   0x0800c878   0x00000024   Data   RW          143    .data.icm_mounting_matrix  main.o
    0x2000002c   0x0800c89c   0x00000004   Data   RW          124    .data.time_end      main.o
    0x20000030   0x0800c8a0   0x00000004   Data   RW          665    .data.uwTickFreq    stm32g4xx_hal.o
    0x20000034   0x0800c8a4   0x00000004   Data   RW          664    .data.uwTickPrio    stm32g4xx_hal.o
    0x20000038        -       0x00000028   Zero   RW          120    .bss.RxHeader1      main.o
    0x20000060        -       0x00000004   Zero   RW          148    .bss.abs_yaw        main.o
    0x20000064        -       0x0000000c   Zero   RW          118    .bss.acc_bias       main.o
    0x20000070        -       0x00000004   Zero   RW          135    .bss.bias           main.o
    0x20000074        -       0x00000008   Zero   RW          121    .bss.can_rxbuf2     main.o
    0x2000007c        -       0x00000038   Zero   RW         1540    .bss.ciphertext     libInvnAlgoASFIcm4268xV.a(invn_algo_asf.c.obj)
    0x200000b4        -       0x00000060   Zero   RW          117    .bss.config         main.o
    0x20000114        -       0x00000040   Zero   RW          111    .bss.data           main.o
    0x20000154        -       0x00000001   Zero   RW          112    .bss.data_count     main.o
    0x20000155   0x0800c8a8   0x00000001   PAD
    0x20000156        -       0x00000002   Zero   RW          128    .bss.flag           main.o
    0x20000158        -       0x0000000c   Zero   RW          119    .bss.gyr_bias       main.o
    0x20000164        -       0x00000064   Zero   RW          189    .bss.hfdcan1        fdcan.o
    0x200001c8        -       0x00000094   Zero   RW          248    .bss.huart1         usart.o
    0x2000025c        -       0x00000001   Zero   RW          115    .bss.icm_state      main.o
    0x2000025d   0x0800c8a8   0x00000003   PAD
    0x20000260        -       0x00000048   Zero   RW          141    .bss.input          main.o
    0x200002a8        -       0x00000004   Zero   RW          147    .bss.last_yaw       main.o
    0x200002ac        -       0x000000cc   Zero   RW          144    .bss.output         main.o
    0x20000378        -       0x00000004   Zero   RW          146    .bss.p              main.o
    0x2000037c        -       0x00000014   Zero   RW          140    .bss.packet_union   main.o
    0x20000390        -       0x00000038   Zero   RW         1541    .bss.plaintext      libInvnAlgoASFIcm4268xV.a(invn_algo_asf.c.obj)
    0x200003c8        -       0x00000010   Zero   RW          130    .bss.q              main.o
    0x200003d8        -       0x00000004   Zero   RW          145    .bss.r              main.o
    0x200003dc        -       0x0000000c   Zero   RW          131    .bss.rpy            main.o
    0x200003e8        -       0x0000000c   Zero   RW          116    .bss.serif          main.o
    0x200003f4        -       0x00000004   Zero   RW          137    .bss.temp           main.o
    0x200003f8        -       0x00000004   Zero   RW          125    .bss.test_counts    main.o
    0x200003fc        -       0x00000004   Zero   RW          123    .bss.time_compute   main.o
    0x20000400        -       0x00000004   Zero   RW          122    .bss.time_count     main.o
    0x20000404        -       0x00000004   Zero   RW          142    .bss.time_stamp     main.o
    0x20000408        -       0x00000004   Zero   RW          666    .bss.uwTick         stm32g4xx_hal.o
    0x2000040c        -       0x00000004   Zero   RW          132    .bss.y              main.o
    0x20000410        -       0x00000004   Zero   RW          126    .bss.y_Init         main.o
    0x20000414        -       0x00000004   Zero   RW          127    .bss.y_final        main.o
    0x20000418        -       0x00001000   Zero   RW            1    STACK               startup_stm32g431xx.o
    0x20001418        -       0x00000b30   Zero   RW         1919    invn_fusion_ag_state  anon$$obj.o


==============================================================================

Image component sizes


      Code (inc. data)   RO Data    RW Data    ZI Data      Debug   Object Name

       352          0          0          0        100       7004   fdcan.o
       244          0          0          0          0       2694   gpio.o
      4712         28          7         40        624      20859   main.o
       772          0          0          0          0       7479   spi.o
        36          8        472          0       4096        840   startup_stm32g431xx.o
       206          0          0          8          4       9588   stm32g4xx_hal.o
       556          0          0          0          0      10154   stm32g4xx_hal_cortex.o
      2982          0         16          0          0      21269   stm32g4xx_hal_fdcan.o
       898          0          0          0          0       5649   stm32g4xx_hal_gpio.o
        76          0          0          0          0       1715   stm32g4xx_hal_msp.o
        18          0          0          0          0       8841   stm32g4xx_hal_pwr_ex.o
       350          0          0          0          0       9263   stm32g4xx_hal_rcc.o
      3060         48         24          0          0      29267   stm32g4xx_hal_uart.o
       568          0         16          0          0       9941   stm32g4xx_hal_uart_ex.o
        42          0          0          0          0       1248   stm32g4xx_it.o
      1052          0          0          0          0       5443   stm32g4xx_ll_gpio.o
       270          0          0          0          0       5554   stm32g4xx_ll_spi.o
        24          0          0          0          0       8893   stm32g4xx_ll_utils.o
        18          0          8          4          0       2883   system_stm32g4xx.o
       452          0          0          0        148       7717   usart.o

    ----------------------------------------------------------------------
     16812         84        579         52       7840     176301   Object Totals
         0          0         32          0       2864          0   (incl. Generated)
       124          0          4          0          4          0   (incl. Padding)

    ----------------------------------------------------------------------

      Code (inc. data)   RO Data    RW Data    ZI Data      Debug   Library Member Name

      5020         84          0          0          0          0   gyro_bias_tracker_fxp.c.obj
      1224          8          0          0          0          0   gyro_cal_fnm_fxp.c.obj
        12          0          0          0          0          0   interface_calibration_gyr_fxp.c.obj
        44          4          0          0          0          0   interface_orientation_fxp.c.obj
      5952        200       1121          0        112          0   invn_algo_asf.c.obj
        88          0          0          0          0          0   invn_binary.c.obj
       192         36          0          0          0          0   invn_geometry_fxp.c.obj
       720          0          0          0          0          0   invn_quaternion_fxp.c.obj
      2044        100          0          0          0          0   invn_scalar_algebra_fxp.c.obj
       456          8          0          0          0          0   invn_signal_processing_fxp.c.obj
      2304         16          0          0          0          0   math_utils_fxp.c.obj
      1016          8          0          0          0          0   orientation_utils_fxp.c.obj
       568         20          0          0          0          0   predictive_quaternion_fxp.c.obj
      4024         64          0          0          0          0   rls_calibration_fxp.c.obj
      4244        104          0          0          0          0   spherical_fxp.c.obj
       300         42          0          0          0        176   asinf.o
       592         90          0          0          0        184   atan2f.o
        38          0          0          0          0        116   fpclassifyf.o
        44         12          0          0          0        464   funder.o
        62          0          0          0          0        136   sqrtf_full.o
         0          0          0          0          0          0   entry.o
         0          0          0          0          0          0   entry10a.o
         0          0          0          0          0          0   entry11a.o
         8          4          0          0          0          0   entry2.o
         4          0          0          0          0          0   entry5.o
         0          0          0          0          0          0   entry7b.o
         0          0          0          0          0          0   entry8b.o
         8          4          0          0          0          0   entry9a.o
        12          6          0          4          0         68   errno.o
        30          0          0          0          0          0   handlers.o
        36          8          0          0          0         68   init.o
         0          0          0          0          0          0   iusefp.o
        30          0          0          0          0         68   llshl.o
        36          0          0          0          0         68   llsshr.o
        32          0          0          0          0         68   llushr.o
        26          0          0          0          0         80   memcmp.o
        66          0          0          0          0         76   memmove.o
        36          0          0          0          0        108   memseta.o
      2272         86          0          0          0        516   printfa.o
         8          0          0          0          0         68   siabs.o
        44          0          0          0          0         80   uidiv.o
        98          0          0          0          0         92   uldiv.o
        48          0          0          0          0         68   cdrcmple.o
       334          0          0          0          0        148   dadd.o
       222          0          0          0          0        100   ddiv.o
       186          0          0          0          0        176   depilogue.o
        48          0          0          0          0         68   dfixul.o
       228          0          0          0          0         96   dmul.o
        38          0          0          0          0         68   f2d.o

    ----------------------------------------------------------------------
     32800        904       1121          4        112       3160   Library Totals
         6          0          0          0          0          0   (incl. Padding)

    ----------------------------------------------------------------------

      Code (inc. data)   RO Data    RW Data    ZI Data      Debug   Library Name

     27908        652       1121          0        112          0   libInvnAlgoASFIcm4268xV.a
      1036        144          0          0          0       1076   m_wm.l
      2746        108          0          4          0       1360   mc_w.l
      1104          0          0          0          0        724   mf_w.l

    ----------------------------------------------------------------------
     32800        904       1121          4        112       3160   Library Totals

    ----------------------------------------------------------------------

==============================================================================


      Code (inc. data)   RO Data    RW Data    ZI Data      Debug   

     49612        988       1700         56       7952     177689   Grand Totals
     49612        988       1700         56       7952     177689   ELF Image Totals
     49612        988       1700         56          0          0   ROM Totals

==============================================================================

    Total RO  Size (Code + RO Data)                51312 (  50.11kB)
    Total RW  Size (RW Data + ZI Data)              8008 (   7.82kB)
    Total ROM Size (Code + RO Data + RW Data)      51368 (  50.16kB)

==============================================================================

